###############################################################################
#
# IAR ELF Linker V8.32.1.169/W32 for ARM                  05/Dec/2019  18:04:41
# Copyright 2007-2018 IAR Systems AB.
#
#    Output file  =  
#        C:\Users\a1176\Desktop\SmartCar\Main\Prj\IAR\DZ10_Debug\Exe\vcan_Kinetis.out
#    Map file     =  
#        C:\Users\a1176\Desktop\SmartCar\Main\Prj\IAR\DZ10_Debug\List\vcan_Kinetis.map
#    Command line =  
#        -f C:\Users\a1176\AppData\Local\Temp\EW8D0C.tmp
#        (C:\Users\a1176\Desktop\SmartCar\Main\Prj\IAR\DZ10_Debug\Obj\Analog_sensor.o
#        C:\Users\a1176\Desktop\SmartCar\Main\Prj\IAR\DZ10_Debug\Obj\BJTU_func.o
#        C:\Users\a1176\Desktop\SmartCar\Main\Prj\IAR\DZ10_Debug\Obj\DIP_func.o
#        C:\Users\a1176\Desktop\SmartCar\Main\Prj\IAR\DZ10_Debug\Obj\HMI_interface.o
#        C:\Users\a1176\Desktop\SmartCar\Main\Prj\IAR\DZ10_Debug\Obj\main.o
#        C:\Users\a1176\Desktop\SmartCar\Main\Prj\IAR\DZ10_Debug\Obj\misc.o
#        C:\Users\a1176\Desktop\SmartCar\Main\Prj\IAR\DZ10_Debug\Obj\MK60_adc.o
#        C:\Users\a1176\Desktop\SmartCar\Main\Prj\IAR\DZ10_Debug\Obj\MK60_can.o
#        C:\Users\a1176\Desktop\SmartCar\Main\Prj\IAR\DZ10_Debug\Obj\MK60_conf.o
#        C:\Users\a1176\Desktop\SmartCar\Main\Prj\IAR\DZ10_Debug\Obj\MK60_dac.o
#        C:\Users\a1176\Desktop\SmartCar\Main\Prj\IAR\DZ10_Debug\Obj\MK60_dma.o
#        C:\Users\a1176\Desktop\SmartCar\Main\Prj\IAR\DZ10_Debug\Obj\MK60_DWT.o
#        C:\Users\a1176\Desktop\SmartCar\Main\Prj\IAR\DZ10_Debug\Obj\MK60_flash.o
#        C:\Users\a1176\Desktop\SmartCar\Main\Prj\IAR\DZ10_Debug\Obj\MK60_flexbus.o
#        C:\Users\a1176\Desktop\SmartCar\Main\Prj\IAR\DZ10_Debug\Obj\MK60_ftm.o
#        C:\Users\a1176\Desktop\SmartCar\Main\Prj\IAR\DZ10_Debug\Obj\MK60_gpio.o
#        C:\Users\a1176\Desktop\SmartCar\Main\Prj\IAR\DZ10_Debug\Obj\MK60_i2c.o
#        C:\Users\a1176\Desktop\SmartCar\Main\Prj\IAR\DZ10_Debug\Obj\MK60_it.o
#        C:\Users\a1176\Desktop\SmartCar\Main\Prj\IAR\DZ10_Debug\Obj\MK60_lptmr.o
#        C:\Users\a1176\Desktop\SmartCar\Main\Prj\IAR\DZ10_Debug\Obj\MK60_mcg.o
#        C:\Users\a1176\Desktop\SmartCar\Main\Prj\IAR\DZ10_Debug\Obj\MK60_PIT.o
#        C:\Users\a1176\Desktop\SmartCar\Main\Prj\IAR\DZ10_Debug\Obj\MK60_port.o
#        C:\Users\a1176\Desktop\SmartCar\Main\Prj\IAR\DZ10_Debug\Obj\MK60_rtc.o
#        C:\Users\a1176\Desktop\SmartCar\Main\Prj\IAR\DZ10_Debug\Obj\MK60_sdhc.o
#        C:\Users\a1176\Desktop\SmartCar\Main\Prj\IAR\DZ10_Debug\Obj\MK60_spi.o
#        C:\Users\a1176\Desktop\SmartCar\Main\Prj\IAR\DZ10_Debug\Obj\MK60_SysTick.o
#        C:\Users\a1176\Desktop\SmartCar\Main\Prj\IAR\DZ10_Debug\Obj\MK60_uart.o
#        C:\Users\a1176\Desktop\SmartCar\Main\Prj\IAR\DZ10_Debug\Obj\MK60_usb.o
#        C:\Users\a1176\Desktop\SmartCar\Main\Prj\IAR\DZ10_Debug\Obj\MK60_wdog.o
#        C:\Users\a1176\Desktop\SmartCar\Main\Prj\IAR\DZ10_Debug\Obj\oled.o
#        C:\Users\a1176\Desktop\SmartCar\Main\Prj\IAR\DZ10_Debug\Obj\startup_MK60DZ10.o
#        C:\Users\a1176\Desktop\SmartCar\Main\Prj\IAR\DZ10_Debug\Obj\system_MK60DZ10.o
#        C:\Users\a1176\Desktop\SmartCar\Main\Prj\IAR\DZ10_Debug\Obj\VCAN_ASCII.o
#        C:\Users\a1176\Desktop\SmartCar\Main\Prj\IAR\DZ10_Debug\Obj\VCAN_BMP.o
#        C:\Users\a1176\Desktop\SmartCar\Main\Prj\IAR\DZ10_Debug\Obj\VCAN_camera.o
#        C:\Users\a1176\Desktop\SmartCar\Main\Prj\IAR\DZ10_Debug\Obj\VCAN_computer.o
#        C:\Users\a1176\Desktop\SmartCar\Main\Prj\IAR\DZ10_Debug\Obj\vcan_img2sd.o
#        C:\Users\a1176\Desktop\SmartCar\Main\Prj\IAR\DZ10_Debug\Obj\VCAN_key.o
#        C:\Users\a1176\Desktop\SmartCar\Main\Prj\IAR\DZ10_Debug\Obj\VCAN_key_event.o
#        C:\Users\a1176\Desktop\SmartCar\Main\Prj\IAR\DZ10_Debug\Obj\VCAN_LCD.o
#        C:\Users\a1176\Desktop\SmartCar\Main\Prj\IAR\DZ10_Debug\Obj\VCAN_LCD_CH.o
#        C:\Users\a1176\Desktop\SmartCar\Main\Prj\IAR\DZ10_Debug\Obj\VCAN_LCD_ILI9325.o
#        C:\Users\a1176\Desktop\SmartCar\Main\Prj\IAR\DZ10_Debug\Obj\VCAN_LCD_ILI9341.o
#        C:\Users\a1176\Desktop\SmartCar\Main\Prj\IAR\DZ10_Debug\Obj\VCAN_LCD_ST7735R.o
#        C:\Users\a1176\Desktop\SmartCar\Main\Prj\IAR\DZ10_Debug\Obj\VCAN_LCD_ST7735S.o
#        C:\Users\a1176\Desktop\SmartCar\Main\Prj\IAR\DZ10_Debug\Obj\VCAN_LED.o
#        C:\Users\a1176\Desktop\SmartCar\Main\Prj\IAR\DZ10_Debug\Obj\VCAN_MMA7455.o
#        C:\Users\a1176\Desktop\SmartCar\Main\Prj\IAR\DZ10_Debug\Obj\VCAN_NRF24L0.o
#        C:\Users\a1176\Desktop\SmartCar\Main\Prj\IAR\DZ10_Debug\Obj\VCAN_NRF24L0_MSG.o
#        C:\Users\a1176\Desktop\SmartCar\Main\Prj\IAR\DZ10_Debug\Obj\VCAN_OV7725_Eagle.o
#        C:\Users\a1176\Desktop\SmartCar\Main\Prj\IAR\DZ10_Debug\Obj\VCAN_OV7725_Wolf.o
#        C:\Users\a1176\Desktop\SmartCar\Main\Prj\IAR\DZ10_Debug\Obj\VCAN_RTC_count.o
#        C:\Users\a1176\Desktop\SmartCar\Main\Prj\IAR\DZ10_Debug\Obj\VCAN_SCCB.o
#        C:\Users\a1176\Desktop\SmartCar\Main\Prj\IAR\DZ10_Debug\Obj\vcan_sd_app.o
#        C:\Users\a1176\Desktop\SmartCar\Main\Prj\IAR\DZ10_Debug\Obj\Vcan_touch.o
#        C:\Users\a1176\Desktop\SmartCar\Main\Prj\IAR\DZ10_Debug\Obj\VCAN_TSL1401.o
#        C:\Users\a1176\Desktop\SmartCar\Main\Prj\IAR\DZ10_Debug\Obj\VCAN_UI_VAR.o
#        C:\Users\a1176\Desktop\SmartCar\Main\Prj\IAR\DZ10_Debug\Obj\vectors.o
#        --redirect _Printf=_PrintfLargeNoMb --redirect _Scanf=_ScanfLargeNoMb
#        --no_out_extension -o
#        C:\Users\a1176\Desktop\SmartCar\Main\Prj\IAR\DZ10_Debug\Exe\vcan_Kinetis.out
#        --map
#        C:\Users\a1176\Desktop\SmartCar\Main\Prj\IAR\DZ10_Debug\List\vcan_Kinetis.map
#        --config "C:\Users\a1176\Desktop\SmartCar\Main\Prj\IAR\config
#        files\vcan_ROM_K60N512.icf"
#        C:\Users\a1176\Desktop\SmartCar\Main\Prj\IAR\..\..\Lib\CMSIS\iar_cortexM4l_math.a
#        --entry __iar_program_start --vfe --text_out locale)
#
###############################################################################

*******************************************************************************
*** RUNTIME MODEL ATTRIBUTES
***

CppFlavor       = *
__SystemLibrary = DLib
__dlib_version  = 6


*******************************************************************************
*** HEAP SELECTION
***

The basic heap was selected because no calls to memory allocation
functions were found in the application outside of system library
functions, and there are calls to deallocation functions in the
application.


*******************************************************************************
*** PLACEMENT SUMMARY
***

"A0":  place at 0x0 { ro section .intvec };
"A1":  place at 0x410 { ro section .noinit };
define block CodeRelocate { section .textrw_init };
"P1":  place in [from 0x0 to 0x8'0000] { ro, block CodeRelocate };
define block CodeRelocateRam { section .textrw };
define block CSTACK with size = 4K, alignment = 8 { };
define block HEAP with size = 2K, alignment = 8 { };
"P2":  place in [from 0x1fff'0410 to 0x2001'0000] {
          rw, block CodeRelocateRam, block CSTACK, block HEAP };
initialize manually with packing = copy, complex ranges { section .data };
initialize manually with packing = copy, complex ranges { section .textrw };

  Section              Kind         Address    Size  Object
  -------              ----         -------    ----  ------
"A0":                                         0x410
  .intvec              const            0x0   0x410  vectors.o [1]
                                    - 0x410   0x410

"A1":                                           0x8
  .noinit              ro code        0x410     0x8  startup_MK60DZ10.o [1]
                                    - 0x418     0x8

"P1":                                        0x5e30
  .text                ro code        0x418   0xc16  xprintflarge_nomb.o [2]
  .text                ro code       0x102e    0x3a  zero_init3.o [4]
  .text                ro code       0x1068    0x16  strchr.o [4]
  .text                ro code       0x107e     0xa  xsprout.o [2]
  .text                ro code       0x1088    0x40  xfail_s.o [2]
  .text                ro code       0x10c8    0x36  strlen.o [4]
  .rodata              const         0x10fe     0x2  VCAN_camera.o [1]
  .text                ro code       0x1100    0x58  memchr.o [4]
  .text                ro code       0x1158   0x230  I64DivMod.o [4]
  .text                ro code       0x1388   0x1a2  DblMul.o [3]
  .text                ro code       0x152c    0xa6  ABImemcpy.o [4]
  .text                ro code       0x15d4    0x70  frexp.o [3]
  .text                ro code       0x1644   0x246  DblDiv.o [3]
  .text                ro code       0x188c    0x28  DblToU32.o [3]
  .text                ro code       0x18b4    0x1a  U32ToDbl.o [3]
  .text                ro code       0x18d0    0xe2  DblSub.o [3]
  .text                ro code       0x19b4     0x8  xlocale_c.o [2]
  .text                ro code       0x19bc     0x6  abort.o [2]
  .text                ro code       0x19c4     0x2  I64DivZer.o [4]
  .text                ro code       0x19c8   0x16a  DblAdd.o [3]
  .text                ro code       0x1b34     0xc  XXexit.o [4]
  .data_init                         0x1b40   0x8a0  <Block>
    Initializer bytes  const         0x1b40   0x8a0  <for .data-1>
  .rodata              const         0x23e0   0x5f0  oled.o [1]
  .text                ro code       0x29d0   0x4f8  MK60_ftm.o [1]
  .text                ro code       0x2ec8    0xb8  MK60_port.o [1]
  Veneer               ro code       0x2f80     0x8  - Linker created -
  Veneer               ro code       0x2f88     0x8  - Linker created -
  .text                ro code       0x2f90   0x140  MK60_conf.o [1]
  .text                ro code       0x30d0    0x80  VCAN_LED.o [1]
  .text                ro code       0x3150    0x28  printf.o [2]
  .text                ro code       0x3178    0x60  MK60_SysTick.o [1]
  .text                ro code       0x31d8   0x22c  MK60_uart.o [1]
  .text                ro code       0x3404    0xa4  VCAN_key.o [1]
  .text                ro code       0x34a8   0x1ac  MK60_gpio.o [1]
  .text                ro code       0x3654   0x490  oled.o [1]
  .text                ro code       0x3ae4   0x228  MK60_i2c.o [1]
  .text                ro code       0x3d0c     0x6  ABImemclr4.o [4]
  .text                ro code       0x3d14    0x40  sprintf.o [2]
  .text                ro code       0x3d54     0x8  abs.o [2]
  .text                ro code       0x3d5c    0x32  ABImemset48.o [4]
  .rodata              const         0x3d90   0x474  oled.o [1]
  .text                ro code       0x4204   0x410  DIP_func.o [1]
  Veneer               ro code       0x4614     0x8  - Linker created -
  .text                ro code       0x461c   0x3c8  MK60_mcg.o [1]
  .text                ro code       0x49e4   0x3bc  BJTU_func.o [1]
  .text                ro code       0x4da0    0x50  misc.o [1]
  .text                ro code       0x4df0    0x7c  MK60_PIT.o [1]
  .text                ro code       0x4e6c   0x218  VCAN_OV7725_Eagle.o [1]
  .text                ro code       0x5084   0x2a8  MK60_adc.o [1]
  .text                ro code       0x532c    0x98  VCAN_camera.o [1]
  .text                ro code       0x53c4   0x248  MK60_dma.o [1]
  .text                ro code       0x560c   0x342  VCAN_SCCB.o [1]
  CodeRelocate                       0x5950   0x1bc  <Block>
    Initializer bytes  const         0x5950   0x1bc  <for CodeRelocateRam-1>
  .text                ro code       0x5b0c   0x118  system_MK60DZ10.o [1]
  .text                ro code       0x5c24    0x40  MK60_wdog.o [1]
  .text                ro code       0x5c64    0x7e  main.o [1]
  .rodata              const         0x5ce4    0x80  MK60_i2c.o [1]
  .rodata              const         0x5d64    0x40  MK60_SysTick.o [1]
  .rodata              const         0x5da4    0x3c  MK60_adc.o [1]
  .rodata              const         0x5de0    0x3c  MK60_conf.o [1]
  .rodata              const         0x5e1c    0x3c  MK60_dma.o [1]
  .rodata              const         0x5e58    0x3c  MK60_flash.o [1]
  .rodata              const         0x5e94    0x3c  MK60_ftm.o [1]
  .rodata              const         0x5ed0    0x3c  MK60_gpio.o [1]
  .rodata              const         0x5f0c    0x3c  MK60_PIT.o [1]
  .rodata              const         0x5f48    0x3c  MK60_uart.o [1]
  .rodata              const         0x5f84    0x38  misc.o [1]
  .text                ro code       0x5fbc    0x28  data_init.o [4]
  .rodata              const         0x5fe4    0x24  MK60_conf.o [1]
  .rodata              const         0x6008    0x24  VCAN_OV7725_Eagle.o [1]
  .rodata              const         0x602c    0x24  VCAN_OV7725_Eagle.o [1]
  .iar.init_table      const         0x6050    0x10  - Linker created -
  .rodata              const         0x6060    0x20  MK60_conf.o [1]
  .rodata              const         0x6080    0x20  VCAN_OV7725_Eagle.o [1]
  .text                ro code       0x60a0    0x1e  cmain.o [4]
  .text                ro code       0x60be     0x4  low_level_init.o [2]
  .text                ro code       0x60c2     0x4  exit.o [2]
  .text                ro code       0x60c8     0xa  cexit.o [4]
  .rodata              const         0x60d4    0x1c  BJTU_func.o [1]
  .rodata              const         0x60f0    0x1c  DIP_func.o [1]
  .rodata              const         0x610c    0x1c  DIP_func.o [1]
  .rodata              const         0x6128    0x1c  DIP_func.o [1]
  .rodata              const         0x6144    0x1c  DIP_func.o [1]
  .rodata              const         0x6160    0x1c  DIP_func.o [1]
  .rodata              const         0x617c    0x18  DIP_func.o [1]
  .rodata              const         0x6194    0x18  VCAN_OV7725_Eagle.o [1]
  .rodata              const         0x61ac    0x18  VCAN_OV7725_Eagle.o [1]
  .text                ro code       0x61c4    0x16  xprout.o [2]
  .text                ro code       0x61dc     0xc  putchar.o [2]
  .rodata              const         0x61e8    0x14  DIP_func.o [1]
  .rodata              const         0x61fc    0x14  MK60_conf.o [1]
  .rodata              const         0x6210    0x14  VCAN_OV7725_Eagle.o [1]
  .text                ro code       0x6224     0xc  cstartup_M.o [4]
  .rodata              const         0x6230     0x4  BJTU_func.o [1]
  .rodata              const         0x6234     0x4  BJTU_func.o [1]
  .rodata              const         0x6238     0x4  BJTU_func.o [1]
  .rodata              const         0x623c     0x4  BJTU_func.o [1]
  .rodata              const         0x6240     0x4  DIP_func.o [1]
  .rodata              const         0x6244     0x4  xlocale_c.o [2]
  .rodata              const         0x6248     0x0  zero_init3.o [4]
                                   - 0x6248  0x5e30

"P2", part 1 of 2:                            0xa5c
  .data                         0x1fff'0410   0x8a0  <Block>
    .data-1                     0x1fff'0410   0x89e  <Init block>
      .data            inited   0x1fff'0410     0x8  MK60_adc.o [1]
      .data            inited   0x1fff'0418   0x708  MK60_conf.o [1]
      .data            inited   0x1fff'0b20     0xc  MK60_ftm.o [1]
      .data            inited   0x1fff'0b2c    0x14  MK60_gpio.o [1]
      .data            inited   0x1fff'0b40     0x8  MK60_i2c.o [1]
      .data            inited   0x1fff'0b48    0x44  MK60_mcg.o [1]
      .data            inited   0x1fff'0b8c     0x4  MK60_mcg.o [1]
      .data            inited   0x1fff'0b90    0x14  MK60_port.o [1]
      .data            inited   0x1fff'0ba4    0x18  MK60_uart.o [1]
      .data            inited   0x1fff'0bbc     0x8  VCAN_key.o [1]
      .data            inited   0x1fff'0bc4     0x4  VCAN_LED.o [1]
      .data            inited   0x1fff'0bc8    0x64  VCAN_OV7725_Eagle.o [1]
      .data            inited   0x1fff'0c2c    0x38  xlocale_c.o [2]
      .data            inited   0x1fff'0c64    0x48  xfiles.o [2]
      .data            inited   0x1fff'0cac     0x1  VCAN_OV7725_Eagle.o [1]
      .data            inited   0x1fff'0cad     0x1  VCAN_OV7725_Eagle.o [1]
  CodeRelocateRam               0x1fff'0cb0   0x1bc  <Block>
    CodeRelocateRam-1           0x1fff'0cb0   0x1bc  <Init block>
      Veneer           inited   0x1fff'0cb0     0x8  - Linker created -
      Veneer           inited   0x1fff'0cb8     0x8  - Linker created -
      .textrw          inited   0x1fff'0cc0   0x164  MK60_flash.o [1]
      .textrw          inited   0x1fff'0e24    0x48  MK60_mcg.o [1]
                              - 0x1fff'0e6c   0xa5c

"P2", part 2 of 2:                           0x1dd4
  .bss                          0x1fff'0e70  0x1dd4  <Block>
    .bss               zero     0x1fff'0e70     0x8  DIP_func.o [1]
    .bss               zero     0x1fff'0e78    0x10  DIP_func.o [1]
    .bss               zero     0x1fff'0e88    0x10  DIP_func.o [1]
    .bss               zero     0x1fff'0e98     0x8  DIP_func.o [1]
    .bss               zero     0x1fff'0ea0     0x8  DIP_func.o [1]
    .bss               zero     0x1fff'0ea8     0x8  BJTU_func.o [1]
    .bss               zero     0x1fff'0eb0     0x8  BJTU_func.o [1]
    .bss               zero     0x1fff'0eb8   0x258  BJTU_func.o [1]
    .bss               zero     0x1fff'1110  0x12c0  BJTU_func.o [1]
    .bss               zero     0x1fff'23d0     0x4  BJTU_func.o [1]
    .bss               zero     0x1fff'23d4   0x140  DIP_func.o [1]
    .bss               zero     0x1fff'2514    0xf0  DIP_func.o [1]
    .bss               zero     0x1fff'2604    0xf0  DIP_func.o [1]
    .bss               zero     0x1fff'26f4    0x50  DIP_func.o [1]
    .bss               zero     0x1fff'2744    0x3c  DIP_func.o [1]
    .bss               zero     0x1fff'2780    0x3c  DIP_func.o [1]
    .bss               zero     0x1fff'27bc     0x4  DIP_func.o [1]
    .bss               zero     0x1fff'27c0     0x4  DIP_func.o [1]
    .bss               zero     0x1fff'27c4     0x4  DIP_func.o [1]
    .bss               zero     0x1fff'27c8     0x4  DIP_func.o [1]
    .bss               zero     0x1fff'27cc     0xc  MK60_ftm.o [1]
    .bss               zero     0x1fff'27d8   0x400  oled.o [1]
    .bss               zero     0x1fff'2bd8     0x4  system_MK60DZ10.o [1]
    .bss               zero     0x1fff'2bdc     0x4  system_MK60DZ10.o [1]
    .bss               zero     0x1fff'2be0     0x4  system_MK60DZ10.o [1]
    .bss               zero     0x1fff'2be4     0x4  VCAN_OV7725_Eagle.o [1]
    .bss               zero     0x1fff'2be8     0x4  xfail_s.o [2]
    .bss               zero     0x1fff'2bec    0x50  xfiles.o [2]
    .bss               zero     0x1fff'2c3c     0x2  BJTU_func.o [1]
    .bss               zero     0x1fff'2c3e     0x2  BJTU_func.o [1]
                              - 0x1fff'2c40  0x1dd4

Unused ranges:

         From           To      Size
         ----           --      ----
       0x6248     0x8'0000  0x7'9db9
  0x1fff'2c40  0x2001'0000  0x1'd3c1


*******************************************************************************
*** INIT TABLE
***

          Address      Size
          -------      ----
Zero (__iar_zero_init3)
    1 destination range, total size 0x1dd0:
          0x1fff'0e70  0x1dd0



*******************************************************************************
*** MODULE SUMMARY
***

    Module               ro code  rw code  ro data  rw data
    ------               -------  -------  -------  -------
command line/config:
    -------------------------------------------------------
    Total:

C:\Users\a1176\Desktop\SmartCar\Main\Prj\IAR\DZ10_Debug\Obj: [1]
    BJTU_func.o              956                44    5 424
    DIP_func.o             1 040               188    1 072
    MK60_PIT.o               124                60
    MK60_SysTick.o            96                64
    MK60_adc.o               680                68        8
    MK60_conf.o              320             1 948    1 800
    MK60_dma.o               584                60
    MK60_flash.o                      356      416
    MK60_ftm.o             1 272                72       24
    MK60_gpio.o              428                80       20
    MK60_i2c.o               552               136        8
    MK60_mcg.o               968       72      144       72
    MK60_port.o              184                20       20
    MK60_uart.o              556                84       24
    MK60_wdog.o               64
    VCAN_LED.o               128                 4        4
    VCAN_OV7725_Eagle.o      536               274      106
    VCAN_SCCB.o              834
    VCAN_camera.o            152                 2
    VCAN_key.o               164                 8        8
    main.o                   126
    misc.o                    80                56
    oled.o                 1 168             2 660    1 024
    startup_MK60DZ10.o         8
    system_MK60DZ10.o        280                         12
    vectors.o                                1 040
    -------------------------------------------------------
    Total:                11 300      428    7 428    9 626

dl7M_tlf.a: [2]
    abort.o                    6
    abs.o                      8
    exit.o                     4
    low_level_init.o           4
    printf.o                  40
    putchar.o                 12
    sprintf.o                 64
    xfail_s.o                 64                          4
    xfiles.o                                    72      152
    xlocale_c.o                8                60       56
    xprintflarge_nomb.o    3 094
    xprout.o                  22
    xsprout.o                 10
    -------------------------------------------------------
    Total:                 3 336               132      212

m7M_tl.a: [3]
    DblAdd.o                 362
    DblDiv.o                 582
    DblMul.o                 418
    DblSub.o                 226
    DblToU32.o                40
    U32ToDbl.o                26
    frexp.o                  112
    -------------------------------------------------------
    Total:                 1 766

rt7M_tl.a: [4]
    ABImemclr4.o               6
    ABImemcpy.o              166
    ABImemset48.o             50
    I64DivMod.o              560
    I64DivZer.o                2
    XXexit.o                  12
    cexit.o                   10
    cmain.o                   30
    cstartup_M.o              12
    data_init.o               40
    memchr.o                  88
    strchr.o                  22
    strlen.o                  54
    zero_init3.o              58
    -------------------------------------------------------
    Total:                 1 110

    Gaps                      22                 6
    Linker created            24       16       34
-----------------------------------------------------------
    Grand Total:          17 558      444    7 600    9 838


*******************************************************************************
*** ENTRY LIST
***

Entry                       Address    Size  Type      Object
-----                       -------    ----  ----      ------
.bss$$Base              0x1fff'0e70           --   Gb  - Linker created -
.bss$$Limit             0x1fff'2c40           --   Gb  - Linker created -
.data$$Base             0x1fff'0410           --   Gb  - Linker created -
.data$$Limit            0x1fff'0cb0           --   Gb  - Linker created -
.data_init$$Base             0x1b40           --   Gb  - Linker created -
.data_init$$Limit            0x23e0           --   Gb  - Linker created -
.iar.init_table$$Base        0x6050           --   Gb  - Linker created -
.iar.init_table$$Limit       0x6060           --   Gb  - Linker created -
?main                        0x60a1          Code  Gb  cmain.o [4]
ADCN                    0x1fff'0410     0x8  Data  Gb  MK60_adc.o [1]
ASSERT_FAILED_STR            0x5fe4    0x24  Data  Gb  MK60_conf.o [1]
CodeRelocate$$Base           0x5950           --   Gb  - Linker created -
CodeRelocate$$Limit          0x5b0c           --   Gb  - Linker created -
CodeRelocateRam$$Base   0x1fff'0cb0           --   Gb  - Linker created -
CodeRelocateRam$$Limit  0x1fff'0e6c           --   Gb  - Linker created -
DMA0_IRQHandler              0x4a85     0x8  Code  Gb  BJTU_func.o [1]
FTMN                    0x1fff'0b20     0xc  Data  Gb  MK60_ftm.o [1]
FTM_port_mux                 0x29d1   0x114  Code  Lc  MK60_ftm.o [1]
GPIOX                   0x1fff'0b2c    0x14  Data  Gb  MK60_gpio.o [1]
I2CN                    0x1fff'0b40     0x8  Data  Gb  MK60_i2c.o [1]
KEY_PTxn                0x1fff'0bbc     0x8  Data  Gb  VCAN_key.o [1]
LED_PTxn                0x1fff'0bc4     0x4  Data  Gb  VCAN_LED.o [1]
LoadInt                       0x5bd    0x7a  Code  Lc  xprintflarge_nomb.o [2]
NVIC_DisableIRQ              0x4e83    0x16  Code  Lc  VCAN_OV7725_Eagle.o [1]
NVIC_EnableIRQ               0x49e5    0x18  Code  Lc  BJTU_func.o [1]
NVIC_EnableIRQ               0x4e6d    0x16  Code  Lc  VCAN_OV7725_Eagle.o [1]
NVIC_SystemReset             0x2f91    0x18  Code  Lc  MK60_conf.o [1]
OLED_Clear                   0x36db    0x3a  Code  Gb  oled.o [1]
OLED_DrawPoint               0x3715    0xa2  Code  Gb  oled.o [1]
OLED_GRAM               0x1fff'27d8   0x400  Data  Gb  oled.o [1]
OLED_Img_gray_Z              0x39a9   0x11a  Code  Gb  oled.o [1]
OLED_Init                    0x38cb    0xde  Code  Gb  oled.o [1]
OLED_Refresh_Gram            0x3657    0x56  Code  Gb  oled.o [1]
OLED_ShowChar                0x37b7    0xca  Code  Gb  oled.o [1]
OLED_ShowString              0x3881    0x4a  Code  Gb  oled.o [1]
OLED_WR_Byte                 0x36ad    0x2e  Code  Gb  oled.o [1]
PORTA_IRQHandler             0x4a61    0x24  Code  Gb  BJTU_func.o [1]
PORTX                   0x1fff'0b90    0x14  Data  Gb  MK60_port.o [1]
Region$$Table$$Base          0x6050           --   Gb  - Linker created -
Region$$Table$$Limit         0x6060           --   Gb  - Linker created -
Reset_Handler                 0x411          Code  Gb  startup_MK60DZ10.o [1]
SCCB_Ack                     0x56d1    0x38  Code  Lc  VCAN_SCCB.o [1]
SCCB_GPIO_init               0x5627    0x28  Code  Gb  VCAN_SCCB.o [1]
SCCB_NoAck                   0x5709    0x38  Code  Lc  VCAN_SCCB.o [1]
SCCB_ReadByte                0x5897    0x2e  Code  Gb  VCAN_SCCB.o [1]
SCCB_ReadByte_one            0x58c5    0x8a  Code  Lc  VCAN_SCCB.o [1]
SCCB_ReceiveByte             0x57c5    0x50  Code  Lc  VCAN_SCCB.o [1]
SCCB_SendByte                0x5783    0x42  Code  Lc  VCAN_SCCB.o [1]
SCCB_Start                   0x564f    0x52  Code  Lc  VCAN_SCCB.o [1]
SCCB_Stop                    0x56a1    0x30  Code  Lc  VCAN_SCCB.o [1]
SCCB_WaitAck                 0x5741    0x42  Code  Lc  VCAN_SCCB.o [1]
SCCB_WriteByte               0x5825    0x2a  Code  Gb  VCAN_SCCB.o [1]
SCCB_WriteByte_one           0x584f    0x48  Code  Lc  VCAN_SCCB.o [1]
SCCB_delay                   0x560d    0x1a  Code  Lc  VCAN_SCCB.o [1]
UARTN                   0x1fff'0ba4    0x18  Data  Gb  MK60_uart.o [1]
_GenldLargeNoMb               0xd4d   0x24c  Code  Lc  xprintflarge_nomb.o [2]
_LdtobLargeNoMb               0xaf3   0x232  Code  Lc  xprintflarge_nomb.o [2]
_LitobLargeNoMb               0x9a3   0x10a  Code  Lc  xprintflarge_nomb.o [2]
_Locale_lconv           0x1fff'0c2c    0x38  Data  Lc  xlocale_c.o [2]
_PrintfLargeNoMb              0x419   0x19e  Code  Gb  xprintflarge_nomb.o [2]
_Prout                       0x61c5    0x16  Code  Gb  xprout.o [2]
_PutcharsLargeNoMb            0xf99    0x2e  Code  Lc  xprintflarge_nomb.o [2]
_PutfldLargeNoMb              0x637   0x260  Code  Lc  xprintflarge_nomb.o [2]
_PuttxtLargeNoMb              0x897   0x10c  Code  Lc  xprintflarge_nomb.o [2]
_SProut                      0x107f     0xa  Code  Gb  xsprout.o [2]
__BOOT_STACK_ADDRESS {Abs}
                        0x2000'fff8          Data  Gb  <internal module>
__VECTOR_RAM {Abs}      0x1fff'0000          Data  Gb  <internal module>
__VECTOR_TABLE {Abs}            0x0          Data  Gb  <internal module>
__aeabi_d2uiz                0x188d          Code  Gb  DblToU32.o [3]
__aeabi_ddiv                 0x1645          Code  Gb  DblDiv.o [3]
__aeabi_dmul                 0x1389          Code  Gb  DblMul.o [3]
__aeabi_dsub                 0x18d1          Code  Gb  DblSub.o [3]
__aeabi_ldiv0                0x19c5          Code  Gb  I64DivZer.o [4]
__aeabi_memclr4              0x3d0d          Code  Gb  ABImemclr4.o [4]
__aeabi_memcpy               0x152d          Code  Gb  ABImemcpy.o [4]
__aeabi_memcpy4              0x154d          Code  Gb  ABImemcpy.o [4]
__aeabi_memcpy8              0x154d          Code  Gb  ABImemcpy.o [4]
__aeabi_ui2d                 0x18b5          Code  Gb  U32ToDbl.o [3]
__aeabi_uldivmod             0x1159          Code  Gb  I64DivMod.o [4]
__cmain                      0x60a1          Code  Gb  cmain.o [4]
__code_start__ {Abs}          0x410          Data  Gb  <internal module>
__exit                       0x1b35          Code  Gb  XXexit.o [4]
__iar_Fail_s                 0x1089    0x1c  Code  Gb  xfail_s.o [2]
__iar_Memchr                 0x1101          Code  Gb  memchr.o [4]
__iar_Memset4_word           0x3d5d          Code  Gb  ABImemset48.o [4]
__iar_Memset8_word           0x3d5d          Code  Gb  ABImemset48.o [4]
__iar_Stdout            0x1fff'0c64    0x48  Data  Gb  xfiles.o [2]
__iar_Strchr                 0x1069          Code  Gb  strchr.o [4]
__iar_dadd                   0x18e1          Code  Gb  DblSub.o [3]
__iar_data_init3             0x5fbd    0x28  Code  Gb  data_init.o [4]
__iar_dsub                   0x19c9          Code  Gb  DblAdd.o [3]
__iar_dsubStart              0x19db          Code  Gb  DblAdd.o [3]
__iar_frexp                  0x15e1          Code  Gb  frexp.o [3]
__iar_frexp64                0x15d5          Code  Gb  frexp.o [3]
__iar_frexpl                 0x15e1          Code  Gb  frexp.o [3]
__iar_program_start          0x6225          Code  Gb  cstartup_M.o [4]
__iar_zero_init3             0x102f    0x3a  Code  Gb  zero_init3.o [4]
__low_level_init             0x60bf     0x4  Code  Gb  low_level_init.o [2]
__vector_table                  0x0   0x410  Data  Gb  vectors.o [1]
_call_main                   0x60ad          Code  Gb  cmain.o [4]
_exit                        0x60c9          Code  Gb  cexit.o [4]
_main                        0x60bb          Code  Gb  cmain.o [4]
abort                        0x19bd     0x6  Code  Gb  abort.o [2]
abs                          0x3d55     0x8  Code  Gb  abs.o [2]
adc_init                     0x5085   0x1f6  Code  Gb  MK60_adc.o [1]
adc_once                     0x527b    0x50  Code  Gb  MK60_adc.o [1]
adc_start                    0x52cb    0x4c  Code  Lc  MK60_adc.o [1]
assert_failed                0x2fa9    0x26  Code  Gb  MK60_conf.o [1]
bjtu_debug_1                 0x4d2f    0x16  Code  Gb  BJTU_func.o [1]
bjtu_init_adc                0x4aa9     0xa  Code  Gb  BJTU_func.o [1]
bjtu_init_camera             0x4b73    0x1a  Code  Gb  BJTU_func.o [1]
bjtu_init_encoder            0x4b0d    0x10  Code  Gb  BJTU_func.o [1]
bjtu_init_led                0x4a8d    0x1c  Code  Gb  BJTU_func.o [1]
bjtu_init_main               0x4b8d    0x28  Code  Gb  BJTU_func.o [1]
bjtu_init_oled               0x4b1d     0x8  Code  Gb  BJTU_func.o [1]
bjtu_init_steering           0x4b25    0x4e  Code  Gb  BJTU_func.o [1]
bjtu_init_uart               0x4ab3     0xe  Code  Gb  BJTU_func.o [1]
bjtu_init_wheel              0x4ac1    0x4c  Code  Gb  BJTU_func.o [1]
bjtu_oled_show_camera        0x4d19    0x16  Code  Gb  BJTU_func.o [1]
bjtu_print_image             0x4ccd    0x4c  Code  Gb  BJTU_func.o [1]
bjtu_refresh_battle_states
                             0x4c6b    0x20  Code  Gb  BJTU_func.o [1]
bjtu_refresh_camera          0x4cb1    0x1c  Code  Gb  BJTU_func.o [1]
bjtu_refresh_wheel_now_speed
                             0x4c8b    0x26  Code  Gb  BJTU_func.o [1]
bjtu_set_steering_turn       0x4c23    0x3c  Code  Gb  BJTU_func.o [1]
bjtu_set_wheel_freq_all
                             0x4c0d    0x16  Code  Gb  BJTU_func.o [1]
bjtu_set_wheel_freq_left
                             0x4bb5    0x2c  Code  Gb  BJTU_func.o [1]
bjtu_set_wheel_freq_right
                             0x4be1    0x2c  Code  Gb  BJTU_func.o [1]
bjtu_turn_steering           0x4c5f     0xc  Code  Gb  BJTU_func.o [1]
bs                      0x1fff'2c3c     0x2  Data  Lc  BJTU_func.o [1]
bus_clk_khz             0x1fff'2be0     0x4  Data  Gb  system_MK60DZ10.o [1]
common_startup               0x5b67    0x84  Code  Gb  system_MK60DZ10.o [1]
core_clk_khz            0x1fff'2bd8     0x4  Data  Gb  system_MK60DZ10.o [1]
core_clk_mhz            0x1fff'2bdc     0x4  Data  Gb  system_MK60DZ10.o [1]
default_isr                  0x307f    0x32  Code  Gb  MK60_conf.o [1]
dip_calculate_height_weight
                             0x448b    0x5e  Code  Gb  DIP_func.o [1]
dip_calculate_width_weight
                             0x440b    0x80  Code  Gb  DIP_func.o [1]
dip_clear_statistic          0x4215    0x52  Code  Gb  DIP_func.o [1]
dip_clear_statistic_bool
                             0x4267    0x4a  Code  Gb  DIP_func.o [1]
dip_clear_weight             0x42d9    0x26  Code  Gb  DIP_func.o [1]
dip_clear_weight_height
                             0x42c5    0x14  Code  Gb  DIP_func.o [1]
dip_clear_weight_width       0x42b1    0x14  Code  Gb  DIP_func.o [1]
dip_get_turn_direction       0x44fd    0x6c  Code  Gb  DIP_func.o [1]
dip_h                   0x1fff'27c4     0x4  Data  Lc  DIP_func.o [1]
dip_i                   0x1fff'27bc     0x4  Data  Lc  DIP_func.o [1]
dip_init_main                0x4205    0x10  Code  Gb  DIP_func.o [1]
dip_j                   0x1fff'27c0     0x4  Data  Lc  DIP_func.o [1]
dip_long_ptr            0x1fff'0e70     0x8  Data  Lc  DIP_func.o [1]
dip_make_statistic           0x42ff   0x10c  Code  Gb  DIP_func.o [1]
dip_print_weight             0x4569    0x4e  Code  Gb  DIP_func.o [1]
dip_process                  0x44e9    0x14  Code  Gb  DIP_func.o [1]
dip_w                   0x1fff'27c8     0x4  Data  Lc  DIP_func.o [1]
dma_gpio_input_init          0x53c5    0x5c  Code  Lc  MK60_dma.o [1]
dma_portx2buff_init          0x5421   0x1b6  Code  Gb  MK60_dma.o [1]
exit                         0x60c3     0x4  Code  Gb  exit.o [2]
fixed_freq                   0x49fd    0x14  Code  Gb  BJTU_func.o [1]
flash_cmd               0x1fff'0cc1    0x1c  Code  Gb  MK60_flash.o [1]
flash_erase_sector      0x1fff'0d07    0x58  Code  Gb  MK60_flash.o [1]
flash_init              0x1fff'0cdd    0x2a  Code  Gb  MK60_flash.o [1]
flash_write             0x1fff'0d5f    0x96  Code  Gb  MK60_flash.o [1]
fputc                        0x2fcf    0x14  Code  Gb  MK60_conf.o [1]
frexp                        0x15d5          Code  Gb  frexp.o [3]
frexpl                       0x15d5          Code  Gb  frexp.o [3]
ftm_mod                 0x1fff'27cc     0xc  Data  Lc  MK60_ftm.o [1]
ftm_pwm_duty                 0x2c69    0xe4  Code  Gb  MK60_ftm.o [1]
ftm_pwm_init                 0x2ae5   0x184  Code  Gb  MK60_ftm.o [1]
ftm_quad_clean               0x2e83    0x2e  Code  Gb  MK60_ftm.o [1]
ftm_quad_get                 0x2e55    0x2e  Code  Gb  MK60_ftm.o [1]
ftm_quad_init                0x2d4d   0x108  Code  Gb  MK60_ftm.o [1]
gpio_get                     0x360f    0x3c  Code  Gb  MK60_gpio.o [1]
gpio_init                    0x34a9    0xb6  Code  Gb  MK60_gpio.o [1]
gpio_set                     0x355f    0x76  Code  Gb  MK60_gpio.o [1]
gpio_turn                    0x35d5    0x3a  Code  Gb  MK60_gpio.o [1]
height_weight           0x1fff'0e88    0x10  Data  Gb  DIP_func.o [1]
i2c_delay                    0x3c05    0x20  Code  Gb  MK60_i2c.o [1]
i2c_init                     0x3ae5   0x120  Code  Gb  MK60_i2c.o [1]
i2c_write_reg                0x3c25    0xd4  Code  Gb  MK60_i2c.o [1]
img                     0x1fff'1110  0x12c0  Data  Lc  BJTU_func.o [1]
imgCount                0x1fff'23d0     0x4  Data  Gb  BJTU_func.o [1]
img_extract                  0x532d    0x98  Code  Gb  VCAN_camera.o [1]
img_h_statistic_L       0x1fff'2514    0xf0  Data  Gb  DIP_func.o [1]
img_h_statistic_R       0x1fff'2604    0xf0  Data  Gb  DIP_func.o [1]
img_h_statistic_bool_L  0x1fff'2744    0x3c  Data  Gb  DIP_func.o [1]
img_h_statistic_bool_R  0x1fff'2780    0x3c  Data  Gb  DIP_func.o [1]
img_size                     0x6238     0x4  Data  Gb  BJTU_func.o [1]
img_w_statistic         0x1fff'23d4   0x140  Data  Gb  DIP_func.o [1]
img_w_statistic_bool    0x1fff'26f4    0x50  Data  Gb  DIP_func.o [1]
img_width_middle             0x6240     0x4  Data  Gb  DIP_func.o [1]
imgbuff                 0x1fff'0eb8   0x258  Data  Lc  BJTU_func.o [1]
key_check                    0x3479    0x2a  Code  Gb  VCAN_key.o [1]
key_get                      0x345d    0x1c  Code  Gb  VCAN_key.o [1]
key_init                     0x3405    0x58  Code  Gb  VCAN_key.o [1]
led_init                     0x30d1    0x40  Code  Gb  VCAN_LED.o [1]
led_turn                     0x3111    0x38  Code  Gb  VCAN_LED.o [1]
left_wheel              0x1fff'0ea8     0x8  Data  Lc  BJTU_func.o [1]
localeconv                   0x19b5     0x4  Code  Gb  xlocale_c.o [2]
main                         0x5c65    0x7e  Code  Gb  main.o [1]
mcg_cfg                 0x1fff'0b48    0x44  Data  Gb  MK60_mcg.o [1]
mcg_div                 0x1fff'0b8c     0x4  Data  Gb  MK60_mcg.o [1]
mcg_div_count                0x461d   0x316  Code  Gb  MK60_mcg.o [1]
memchr                       0x1101          Code  Gb  memchr.o [4]
my_delay                     0x3655     0x2  Code  Gb  oled.o [1]
obuf                    0x1fff'2bec    0x50  Data  Lc  xfiles.o [2]
oled_asc2_1206               0x3d90   0x474  Data  Gb  oled.o [1]
oled_asc2_1608               0x23e0   0x5f0  Data  Gb  oled.o [1]
oled_show_size               0x623c     0x4  Data  Gb  BJTU_func.o [1]
ov7725_eagle_cfgnum     0x1fff'0cad     0x1  Data  Gb  VCAN_OV7725_Eagle.o [1]
ov7725_eagle_dma             0x4f41    0x12  Code  Gb  VCAN_OV7725_Eagle.o [1]
ov7725_eagle_get_img         0x4f53    0x36  Code  Gb  VCAN_OV7725_Eagle.o [1]
ov7725_eagle_img_buff   0x1fff'2be4     0x4  Data  Gb  VCAN_OV7725_Eagle.o [1]
ov7725_eagle_img_flag   0x1fff'0cac     0x1  Data  Gb  VCAN_OV7725_Eagle.o [1]
ov7725_eagle_init            0x4e99    0x18  Code  Gb  VCAN_OV7725_Eagle.o [1]
ov7725_eagle_port_init       0x4eb1    0x50  Code  Lc  VCAN_OV7725_Eagle.o [1]
ov7725_eagle_reg        0x1fff'0bc8    0x64  Data  Gb  VCAN_OV7725_Eagle.o [1]
ov7725_eagle_reg_init        0x4f89    0xae  Code  Lc  VCAN_OV7725_Eagle.o [1]
ov7725_eagle_vsync           0x4f01    0x40  Code  Gb  VCAN_OV7725_Eagle.o [1]
pit_init                     0x4df1    0x6c  Code  Gb  MK60_PIT.o [1]
pll_init                     0x4933    0x96  Code  Gb  MK60_mcg.o [1]
port_init                    0x2ec9    0x48  Code  Gb  MK60_port.o [1]
port_init_NoALT              0x2f11    0x68  Code  Gb  MK60_port.o [1]
printf                       0x3151    0x28  Code  Gb  printf.o [2]
putchar                      0x61dd     0xc  Code  Gb  putchar.o [2]
right_wheel             0x1fff'0eb0     0x8  Data  Lc  BJTU_func.o [1]
scale                         0xaad    0x46  Code  Lc  xprintflarge_nomb.o [2]
sec_hand                0x1fff'2be8     0x4  Data  Lc  xfail_s.o [2]
set_sys_dividers        0x1fff'0e25    0x48  Code  Gb  MK60_mcg.o [1]
set_vector_handler           0x4dc3    0x22  Code  Gb  misc.o [1]
site                         0x6234     0x4  Data  Gb  BJTU_func.o [1]
sprintf                      0x3d15    0x40  Code  Gb  sprintf.o [2]
start                        0x5b0d    0x22  Code  Gb  system_MK60DZ10.o [1]
start_check                  0x2fe3    0x9c  Code  Gb  MK60_conf.o [1]
steering_end_turn            0x4a11    0x18  Code  Gb  BJTU_func.o [1]
steering_start_turn          0x4a29    0x38  Code  Gb  BJTU_func.o [1]
steering_turn           0x1fff'2c3e     0x2  Data  Lc  BJTU_func.o [1]
steering_turn_total          0x6230     0x4  Data  Gb  BJTU_func.o [1]
strchr                       0x1069          Code  Gb  strchr.o [4]
strlen                       0x10c9          Code  Gb  strlen.o [4]
sysinit                      0x5b2f    0x38  Code  Gb  system_MK60DZ10.o [1]
systick_delay                0x3179    0x32  Code  Gb  MK60_SysTick.o [1]
systick_delay_ms             0x31ab    0x18  Code  Gb  MK60_SysTick.o [1]
total_left_weight       0x1fff'0e98     0x8  Data  Lc  DIP_func.o [1]
total_right_weight      0x1fff'0ea0     0x8  Data  Lc  DIP_func.o [1]
uart_init                    0x31d9   0x1f6  Code  Gb  MK60_uart.o [1]
uart_putchar                 0x33cf    0x1c  Code  Gb  MK60_uart.o [1]
vector_str              0x1fff'0418   0x708  Data  Gb  MK60_conf.o [1]
wdog_disable                 0x5c25    0x14  Code  Gb  MK60_wdog.o [1]
wdog_unlock                  0x5c39    0x20  Code  Lc  MK60_wdog.o [1]
width_weight            0x1fff'0e78    0x10  Data  Gb  DIP_func.o [1]
write_vtor                   0x4da1    0x22  Code  Gb  misc.o [1]


[1] = C:\Users\a1176\Desktop\SmartCar\Main\Prj\IAR\DZ10_Debug\Obj
[2] = dl7M_tlf.a
[3] = m7M_tl.a
[4] = rt7M_tl.a

  17 558 bytes of readonly  code memory
     444 bytes of readwrite code memory
   7 600 bytes of readonly  data memory
   9 838 bytes of readwrite data memory

Errors: none
Warnings: none
