###############################################################################
#
# IAR ELF Linker V8.32.1.169/W32 for ARM                  03/Dec/2019  01:07:07
# Copyright 2007-2018 IAR Systems AB.
#
#    Output file  =  
#        C:\Users\a1176\Desktop\SmartCar\Main\Prj\IAR\DZ10_Debug\Exe\vcan_Kinetis.out
#    Map file     =  
#        C:\Users\a1176\Desktop\SmartCar\Main\Prj\IAR\DZ10_Debug\List\vcan_Kinetis.map
#    Command line =  
#        -f C:\Users\a1176\AppData\Local\Temp\EW2344.tmp
#        (C:\Users\a1176\Desktop\SmartCar\Main\Prj\IAR\DZ10_Debug\Obj\BJTU_func.o
#        C:\Users\a1176\Desktop\SmartCar\Main\Prj\IAR\DZ10_Debug\Obj\main.o
#        C:\Users\a1176\Desktop\SmartCar\Main\Prj\IAR\DZ10_Debug\Obj\misc.o
#        C:\Users\a1176\Desktop\SmartCar\Main\Prj\IAR\DZ10_Debug\Obj\MK60_adc.o
#        C:\Users\a1176\Desktop\SmartCar\Main\Prj\IAR\DZ10_Debug\Obj\MK60_conf.o
#        C:\Users\a1176\Desktop\SmartCar\Main\Prj\IAR\DZ10_Debug\Obj\MK60_DWT.o
#        C:\Users\a1176\Desktop\SmartCar\Main\Prj\IAR\DZ10_Debug\Obj\MK60_flash.o
#        C:\Users\a1176\Desktop\SmartCar\Main\Prj\IAR\DZ10_Debug\Obj\MK60_ftm.o
#        C:\Users\a1176\Desktop\SmartCar\Main\Prj\IAR\DZ10_Debug\Obj\MK60_gpio.o
#        C:\Users\a1176\Desktop\SmartCar\Main\Prj\IAR\DZ10_Debug\Obj\MK60_i2c.o
#        C:\Users\a1176\Desktop\SmartCar\Main\Prj\IAR\DZ10_Debug\Obj\MK60_it.o
#        C:\Users\a1176\Desktop\SmartCar\Main\Prj\IAR\DZ10_Debug\Obj\MK60_lptmr.o
#        C:\Users\a1176\Desktop\SmartCar\Main\Prj\IAR\DZ10_Debug\Obj\MK60_mcg.o
#        C:\Users\a1176\Desktop\SmartCar\Main\Prj\IAR\DZ10_Debug\Obj\MK60_PIT.o
#        C:\Users\a1176\Desktop\SmartCar\Main\Prj\IAR\DZ10_Debug\Obj\MK60_port.o
#        C:\Users\a1176\Desktop\SmartCar\Main\Prj\IAR\DZ10_Debug\Obj\MK60_rtc.o
#        C:\Users\a1176\Desktop\SmartCar\Main\Prj\IAR\DZ10_Debug\Obj\MK60_spi.o
#        C:\Users\a1176\Desktop\SmartCar\Main\Prj\IAR\DZ10_Debug\Obj\MK60_SysTick.o
#        C:\Users\a1176\Desktop\SmartCar\Main\Prj\IAR\DZ10_Debug\Obj\MK60_uart.o
#        C:\Users\a1176\Desktop\SmartCar\Main\Prj\IAR\DZ10_Debug\Obj\MK60_wdog.o
#        C:\Users\a1176\Desktop\SmartCar\Main\Prj\IAR\DZ10_Debug\Obj\startup_MK60DZ10.o
#        C:\Users\a1176\Desktop\SmartCar\Main\Prj\IAR\DZ10_Debug\Obj\system_MK60DZ10.o
#        C:\Users\a1176\Desktop\SmartCar\Main\Prj\IAR\DZ10_Debug\Obj\VCAN_computer.o
#        C:\Users\a1176\Desktop\SmartCar\Main\Prj\IAR\DZ10_Debug\Obj\VCAN_key.o
#        C:\Users\a1176\Desktop\SmartCar\Main\Prj\IAR\DZ10_Debug\Obj\VCAN_LED.o
#        C:\Users\a1176\Desktop\SmartCar\Main\Prj\IAR\DZ10_Debug\Obj\VCAN_MMA7455.o
#        C:\Users\a1176\Desktop\SmartCar\Main\Prj\IAR\DZ10_Debug\Obj\VCAN_NRF24L0.o
#        C:\Users\a1176\Desktop\SmartCar\Main\Prj\IAR\DZ10_Debug\Obj\VCAN_RTC_count.o
#        C:\Users\a1176\Desktop\SmartCar\Main\Prj\IAR\DZ10_Debug\Obj\vectors.o
#        --redirect _Printf=_PrintfLargeNoMb --redirect _Scanf=_ScanfLargeNoMb
#        --no_out_extension -o
#        C:\Users\a1176\Desktop\SmartCar\Main\Prj\IAR\DZ10_Debug\Exe\vcan_Kinetis.out
#        --map
#        C:\Users\a1176\Desktop\SmartCar\Main\Prj\IAR\DZ10_Debug\List\vcan_Kinetis.map
#        --config "C:\Users\a1176\Desktop\SmartCar\Main\Prj\IAR\config
#        files\vcan_ROM_K60N512.icf"
#        C:\Users\a1176\Desktop\SmartCar\Main\Prj\IAR\..\..\Lib\CMSIS\iar_cortexM4l_math.a
#        --entry __iar_program_start --vfe --text_out locale)
#
###############################################################################

*******************************************************************************
*** RUNTIME MODEL ATTRIBUTES
***

CppFlavor       = *
__SystemLibrary = DLib
__dlib_version  = 6


*******************************************************************************
*** HEAP SELECTION
***

The basic heap was selected because no calls to memory allocation
functions were found in the application outside of system library
functions, and there are calls to deallocation functions in the
application.


*******************************************************************************
*** PLACEMENT SUMMARY
***

"A0":  place at 0x0 { ro section .intvec };
"A1":  place at 0x410 { ro section .noinit };
define block CodeRelocate { section .textrw_init };
"P1":  place in [from 0x0 to 0x8'0000] { ro, block CodeRelocate };
define block CodeRelocateRam { section .textrw };
define block CSTACK with size = 4K, alignment = 8 { };
define block HEAP with size = 2K, alignment = 8 { };
"P2":  place in [from 0x1fff'0410 to 0x2001'0000] {
          rw, block CodeRelocateRam, block CSTACK, block HEAP };
initialize manually with packing = copy, complex ranges { section .data };
initialize manually with packing = copy, complex ranges { section .textrw };

  Section              Kind         Address    Size  Object
  -------              ----         -------    ----  ------
"A0":                                         0x410
  .intvec              const            0x0   0x410  vectors.o [1]
                                    - 0x410   0x410

"A1":                                           0x8
  .noinit              ro code        0x410     0x8  startup_MK60DZ10.o [1]
                                    - 0x418     0x8

"P1":                                        0x3b24
  .text                ro code        0x418   0xc16  xprintflarge_nomb.o [2]
  .text                ro code       0x102e    0x3a  zero_init3.o [4]
  .text                ro code       0x1068    0x16  strchr.o [4]
  .text                ro code       0x1080    0x40  xfail_s.o [2]
  .text                ro code       0x10c0    0x36  strlen.o [4]
  .text                ro code       0x10f8    0x58  memchr.o [4]
  .text                ro code       0x1150   0x230  I64DivMod.o [4]
  .text                ro code       0x1380   0x1a2  DblMul.o [3]
  .text                ro code       0x1524    0xa6  ABImemcpy.o [4]
  .text                ro code       0x15cc    0x70  frexp.o [3]
  .text                ro code       0x163c   0x246  DblDiv.o [3]
  .text                ro code       0x1884    0x28  DblToU32.o [3]
  .text                ro code       0x18ac    0x1a  U32ToDbl.o [3]
  .text                ro code       0x18c8    0xe2  DblSub.o [3]
  .text                ro code       0x19ac     0x8  xlocale_c.o [2]
  .text                ro code       0x19b4     0x6  abort.o [2]
  .text                ro code       0x19bc     0x2  I64DivZer.o [4]
  .text                ro code       0x19c0   0x16a  DblAdd.o [3]
  .text                ro code       0x1b2c     0xc  XXexit.o [4]
  .data_init                         0x1b38   0x830  <Block>
    Initializer bytes  const         0x1b38   0x830  <for .data-1>
  .text                ro code       0x2368   0x4f8  MK60_ftm.o [1]
  .text                ro code       0x2860    0xb8  MK60_port.o [1]
  Veneer               ro code       0x2918     0x8  - Linker created -
  Veneer               ro code       0x2920     0x8  - Linker created -
  .text                ro code       0x2928   0x140  MK60_conf.o [1]
  .text                ro code       0x2a68    0x80  VCAN_LED.o [1]
  .text                ro code       0x2ae8    0x28  printf.o [2]
  .text                ro code       0x2b10    0x60  MK60_SysTick.o [1]
  .text                ro code       0x2b70   0x22c  MK60_uart.o [1]
  .text                ro code       0x2d9c    0xa4  VCAN_key.o [1]
  .text                ro code       0x2e40   0x1ac  MK60_gpio.o [1]
  Veneer               ro code       0x2fec     0x8  - Linker created -
  .text                ro code       0x2ff4   0x3a8  MK60_mcg.o [1]
  .text                ro code       0x339c   0x2b4  MK60_adc.o [1]
  .text                ro code       0x3650   0x224  BJTU_func.o [1]
  CodeRelocate                       0x3874   0x1bc  <Block>
    Initializer bytes  const         0x3874   0x1bc  <for CodeRelocateRam-1>
  .text                ro code       0x3a30   0x118  system_MK60DZ10.o [1]
  .text                ro code       0x3b48    0x40  MK60_wdog.o [1]
  .text                ro code       0x3b88    0x70  main.o [1]
  .text                ro code       0x3bf8    0x2c  misc.o [1]
  .rodata              const         0x3c24    0x40  MK60_SysTick.o [1]
  .rodata              const         0x3c64    0x3c  MK60_adc.o [1]
  .rodata              const         0x3ca0    0x3c  MK60_conf.o [1]
  .rodata              const         0x3cdc    0x3c  MK60_flash.o [1]
  .rodata              const         0x3d18    0x3c  MK60_ftm.o [1]
  .rodata              const         0x3d54    0x3c  MK60_gpio.o [1]
  .rodata              const         0x3d90    0x3c  MK60_uart.o [1]
  .rodata              const         0x3dcc    0x38  misc.o [1]
  .text                ro code       0x3e04    0x28  data_init.o [4]
  .rodata              const         0x3e2c    0x24  BJTU_func.o [1]
  .rodata              const         0x3e50    0x24  MK60_conf.o [1]
  .iar.init_table      const         0x3e74    0x10  - Linker created -
  .rodata              const         0x3e84    0x20  BJTU_func.o [1]
  .rodata              const         0x3ea4    0x20  MK60_conf.o [1]
  .text                ro code       0x3ec4    0x1e  cmain.o [4]
  .text                ro code       0x3ee2     0x4  low_level_init.o [2]
  .text                ro code       0x3ee6     0x4  exit.o [2]
  .text                ro code       0x3eec     0xa  cexit.o [4]
  .text                ro code       0x3ef6    0x16  xprout.o [2]
  .text                ro code       0x3f0c     0xc  putchar.o [2]
  .rodata              const         0x3f18    0x14  MK60_conf.o [1]
  .text                ro code       0x3f2c     0xc  cstartup_M.o [4]
  .rodata              const         0x3f38     0x4  xlocale_c.o [2]
  .rodata              const         0x3f3c     0x0  zero_init3.o [4]
                                   - 0x3f3c  0x3b24

"P2", part 1 of 2:                            0x9ec
  .data                         0x1fff'0410   0x830  <Block>
    .data-1                     0x1fff'0410   0x830  <Init block>
      .data            inited   0x1fff'0410     0x8  MK60_adc.o [1]
      .data            inited   0x1fff'0418   0x708  MK60_conf.o [1]
      .data            inited   0x1fff'0b20     0xc  MK60_ftm.o [1]
      .data            inited   0x1fff'0b2c    0x14  MK60_gpio.o [1]
      .data            inited   0x1fff'0b40    0x44  MK60_mcg.o [1]
      .data            inited   0x1fff'0b84     0x4  MK60_mcg.o [1]
      .data            inited   0x1fff'0b88    0x14  MK60_port.o [1]
      .data            inited   0x1fff'0b9c    0x18  MK60_uart.o [1]
      .data            inited   0x1fff'0bb4     0x8  VCAN_key.o [1]
      .data            inited   0x1fff'0bbc     0x4  VCAN_LED.o [1]
      .data            inited   0x1fff'0bc0    0x38  xlocale_c.o [2]
      .data            inited   0x1fff'0bf8    0x48  xfiles.o [2]
  CodeRelocateRam               0x1fff'0c40   0x1bc  <Block>
    CodeRelocateRam-1           0x1fff'0c40   0x1bc  <Init block>
      Veneer           inited   0x1fff'0c40     0x8  - Linker created -
      Veneer           inited   0x1fff'0c48     0x8  - Linker created -
      .textrw          inited   0x1fff'0c50   0x164  MK60_flash.o [1]
      .textrw          inited   0x1fff'0db4    0x48  MK60_mcg.o [1]
                              - 0x1fff'0dfc   0x9ec

"P2", part 2 of 2:                             0x78
  .bss                          0x1fff'0dfc    0x78  <Block>
    .bss               zero     0x1fff'0dfc     0x4  main.o [1]
    .bss               zero     0x1fff'0e00     0xc  MK60_ftm.o [1]
    .bss               zero     0x1fff'0e0c     0x4  system_MK60DZ10.o [1]
    .bss               zero     0x1fff'0e10     0x4  system_MK60DZ10.o [1]
    .bss               zero     0x1fff'0e14     0x4  system_MK60DZ10.o [1]
    .bss               zero     0x1fff'0e18     0x4  xfail_s.o [2]
    .bss               zero     0x1fff'0e1c    0x50  xfiles.o [2]
    .bss               zero     0x1fff'0e6c     0x2  BJTU_func.o [1]
    .bss               zero     0x1fff'0e6e     0x2  BJTU_func.o [1]
    .bss               zero     0x1fff'0e70     0x2  main.o [1]
                              - 0x1fff'0e74    0x78

Unused ranges:

         From           To      Size
         ----           --      ----
       0x3f3c     0x8'0000  0x7'c0c5
  0x1fff'0e74  0x2001'0000  0x1'f18d


*******************************************************************************
*** INIT TABLE
***

          Address      Size
          -------      ----
Zero (__iar_zero_init3)
    1 destination range, total size 0x76:
          0x1fff'0dfc  0x76



*******************************************************************************
*** MODULE SUMMARY
***

    Module               ro code  rw code  ro data  rw data
    ------               -------  -------  -------  -------
command line/config:
    -------------------------------------------------------
    Total:

C:\Users\a1176\Desktop\SmartCar\Main\Prj\IAR\DZ10_Debug\Obj: [1]
    BJTU_func.o              548                68        4
    MK60_SysTick.o            96                64
    MK60_adc.o               692                68        8
    MK60_conf.o              320             1 948    1 800
    MK60_flash.o                      356      416
    MK60_ftm.o             1 272                72       24
    MK60_gpio.o              428                80       20
    MK60_mcg.o               936       72      144       72
    MK60_port.o              184                20       20
    MK60_uart.o              556                84       24
    MK60_wdog.o               64
    VCAN_LED.o               128                 4        4
    VCAN_key.o               164                 8        8
    main.o                   112                          6
    misc.o                    44                56
    startup_MK60DZ10.o         8
    system_MK60DZ10.o        280                         12
    vectors.o                                1 040
    -------------------------------------------------------
    Total:                 5 832      428    4 072    2 002

dl7M_tlf.a: [2]
    abort.o                    6
    exit.o                     4
    low_level_init.o           4
    printf.o                  40
    putchar.o                 12
    xfail_s.o                 64                          4
    xfiles.o                                    72      152
    xlocale_c.o                8                60       56
    xprintflarge_nomb.o    3 094
    xprout.o                  22
    -------------------------------------------------------
    Total:                 3 254               132      212

m7M_tl.a: [3]
    DblAdd.o                 362
    DblDiv.o                 582
    DblMul.o                 418
    DblSub.o                 226
    DblToU32.o                40
    U32ToDbl.o                26
    frexp.o                  112
    -------------------------------------------------------
    Total:                 1 766

rt7M_tl.a: [4]
    ABImemcpy.o              166
    I64DivMod.o              560
    I64DivZer.o                2
    XXexit.o                  12
    cexit.o                   10
    cmain.o                   30
    cstartup_M.o              12
    data_init.o               40
    memchr.o                  88
    strchr.o                  22
    strlen.o                  54
    zero_init3.o              58
    -------------------------------------------------------
    Total:                 1 054

    Gaps                      22
    Linker created            24       16       32
-----------------------------------------------------------
    Grand Total:          11 952      444    4 236    2 214


*******************************************************************************
*** ENTRY LIST
***

Entry                       Address   Size  Type      Object
-----                       -------   ----  ----      ------
.bss$$Base              0x1fff'0dfc          --   Gb  - Linker created -
.bss$$Limit             0x1fff'0e74          --   Gb  - Linker created -
.data$$Base             0x1fff'0410          --   Gb  - Linker created -
.data$$Limit            0x1fff'0c40          --   Gb  - Linker created -
.data_init$$Base             0x1b38          --   Gb  - Linker created -
.data_init$$Limit            0x2368          --   Gb  - Linker created -
.iar.init_table$$Base        0x3e74          --   Gb  - Linker created -
.iar.init_table$$Limit       0x3e84          --   Gb  - Linker created -
?main                        0x3ec5         Code  Gb  cmain.o [4]
ADCN                    0x1fff'0410    0x8  Data  Gb  MK60_adc.o [1]
ASSERT_FAILED_STR            0x3e50   0x24  Data  Gb  MK60_conf.o [1]
CodeRelocate$$Base           0x3874          --   Gb  - Linker created -
CodeRelocate$$Limit          0x3a30          --   Gb  - Linker created -
CodeRelocateRam$$Base   0x1fff'0c40          --   Gb  - Linker created -
CodeRelocateRam$$Limit  0x1fff'0dfc          --   Gb  - Linker created -
FTMN                    0x1fff'0b20    0xc  Data  Gb  MK60_ftm.o [1]
FTM_port_mux                 0x2369  0x114  Code  Lc  MK60_ftm.o [1]
GPIOX                   0x1fff'0b2c   0x14  Data  Gb  MK60_gpio.o [1]
KEY_PTxn                0x1fff'0bb4    0x8  Data  Gb  VCAN_key.o [1]
LED_PTxn                0x1fff'0bbc    0x4  Data  Gb  VCAN_LED.o [1]
LoadInt                       0x5bd   0x7a  Code  Lc  xprintflarge_nomb.o [2]
NVIC_SystemReset             0x2929   0x18  Code  Lc  MK60_conf.o [1]
PORTX                   0x1fff'0b88   0x14  Data  Gb  MK60_port.o [1]
Region$$Table$$Base          0x3e74          --   Gb  - Linker created -
Region$$Table$$Limit         0x3e84          --   Gb  - Linker created -
Reset_Handler                 0x411         Code  Gb  startup_MK60DZ10.o [1]
UARTN                   0x1fff'0b9c   0x18  Data  Gb  MK60_uart.o [1]
_GenldLargeNoMb               0xd4d  0x24c  Code  Lc  xprintflarge_nomb.o [2]
_LdtobLargeNoMb               0xaf3  0x232  Code  Lc  xprintflarge_nomb.o [2]
_LitobLargeNoMb               0x9a3  0x10a  Code  Lc  xprintflarge_nomb.o [2]
_Locale_lconv           0x1fff'0bc0   0x38  Data  Lc  xlocale_c.o [2]
_PrintfLargeNoMb              0x419  0x19e  Code  Gb  xprintflarge_nomb.o [2]
_Prout                       0x3ef7   0x16  Code  Gb  xprout.o [2]
_PutcharsLargeNoMb            0xf99   0x2e  Code  Lc  xprintflarge_nomb.o [2]
_PutfldLargeNoMb              0x637  0x260  Code  Lc  xprintflarge_nomb.o [2]
_PuttxtLargeNoMb              0x897  0x10c  Code  Lc  xprintflarge_nomb.o [2]
__BOOT_STACK_ADDRESS {Abs}
                        0x2000'fff8         Data  Gb  <internal module>
__VECTOR_RAM {Abs}      0x1fff'0000         Data  Gb  <internal module>
__VECTOR_TABLE {Abs}            0x0         Data  Gb  <internal module>
__aeabi_d2uiz                0x1885         Code  Gb  DblToU32.o [3]
__aeabi_ddiv                 0x163d         Code  Gb  DblDiv.o [3]
__aeabi_dmul                 0x1381         Code  Gb  DblMul.o [3]
__aeabi_dsub                 0x18c9         Code  Gb  DblSub.o [3]
__aeabi_ldiv0                0x19bd         Code  Gb  I64DivZer.o [4]
__aeabi_memcpy               0x1525         Code  Gb  ABImemcpy.o [4]
__aeabi_memcpy4              0x1545         Code  Gb  ABImemcpy.o [4]
__aeabi_memcpy8              0x1545         Code  Gb  ABImemcpy.o [4]
__aeabi_ui2d                 0x18ad         Code  Gb  U32ToDbl.o [3]
__aeabi_uldivmod             0x1151         Code  Gb  I64DivMod.o [4]
__cmain                      0x3ec5         Code  Gb  cmain.o [4]
__code_start__ {Abs}          0x410         Data  Gb  <internal module>
__exit                       0x1b2d         Code  Gb  XXexit.o [4]
__iar_Fail_s                 0x1081   0x1c  Code  Gb  xfail_s.o [2]
__iar_Memchr                 0x10f9         Code  Gb  memchr.o [4]
__iar_Stdout            0x1fff'0bf8   0x48  Data  Gb  xfiles.o [2]
__iar_Strchr                 0x1069         Code  Gb  strchr.o [4]
__iar_dadd                   0x18d9         Code  Gb  DblSub.o [3]
__iar_data_init3             0x3e05   0x28  Code  Gb  data_init.o [4]
__iar_dsub                   0x19c1         Code  Gb  DblAdd.o [3]
__iar_dsubStart              0x19d3         Code  Gb  DblAdd.o [3]
__iar_frexp                  0x15d9         Code  Gb  frexp.o [3]
__iar_frexp64                0x15cd         Code  Gb  frexp.o [3]
__iar_frexpl                 0x15d9         Code  Gb  frexp.o [3]
__iar_program_start          0x3f2d         Code  Gb  cstartup_M.o [4]
__iar_zero_init3             0x102f   0x3a  Code  Gb  zero_init3.o [4]
__low_level_init             0x3ee3    0x4  Code  Gb  low_level_init.o [2]
__vector_table                  0x0  0x410  Data  Gb  vectors.o [1]
_call_main                   0x3ed1         Code  Gb  cmain.o [4]
_exit                        0x3eed         Code  Gb  cexit.o [4]
_main                        0x3edf         Code  Gb  cmain.o [4]
abort                        0x19b5    0x6  Code  Gb  abort.o [2]
adc_init                     0x339d  0x202  Code  Gb  MK60_adc.o [1]
adc_once                     0x359f   0x50  Code  Gb  MK60_adc.o [1]
adc_start                    0x35ef   0x4c  Code  Lc  MK60_adc.o [1]
assert_failed                0x2941   0x26  Code  Gb  MK60_conf.o [1]
bjtu_get_battle_states       0x37f1   0x26  Code  Gb  BJTU_func.o [1]
bjtu_get_speed_states        0x3817   0x28  Code  Gb  BJTU_func.o [1]
bjtu_init_adc                0x3665    0xa  Code  Gb  BJTU_func.o [1]
bjtu_init_encoder            0x36c5   0x10  Code  Gb  BJTU_func.o [1]
bjtu_init_main               0x36d5   0x14  Code  Gb  BJTU_func.o [1]
bjtu_init_uart               0x366f    0xe  Code  Gb  BJTU_func.o [1]
bjtu_init_wheel              0x367d   0x48  Code  Gb  BJTU_func.o [1]
bjtu_print_battle_states
                             0x383f   0x12  Code  Gb  BJTU_func.o [1]
bjtu_print_speed_states
                             0x3851   0x12  Code  Gb  BJTU_func.o [1]
bjtu_set_wheel_ahead_all
                             0x37e5    0xc  Code  Gb  BJTU_func.o [1]
bjtu_set_wheel_ahead_left
                             0x3799   0x26  Code  Gb  BJTU_func.o [1]
bjtu_set_wheel_ahead_right
                             0x37bf   0x26  Code  Gb  BJTU_func.o [1]
bjtu_set_wheel_back_all
                             0x378d    0xc  Code  Gb  BJTU_func.o [1]
bjtu_set_wheel_back_left
                             0x3741   0x26  Code  Gb  BJTU_func.o [1]
bjtu_set_wheel_back_right
                             0x3767   0x26  Code  Gb  BJTU_func.o [1]
bjtu_set_wheel_freq_left
                             0x36e9   0x2c  Code  Gb  BJTU_func.o [1]
bjtu_set_wheel_freq_right
                             0x3715   0x2c  Code  Gb  BJTU_func.o [1]
bs                      0x1fff'0e70    0x2  Data  Lc  main.o [1]
bus_clk_khz             0x1fff'0e14    0x4  Data  Gb  system_MK60DZ10.o [1]
common_startup               0x3a8b   0x84  Code  Gb  system_MK60DZ10.o [1]
core_clk_khz            0x1fff'0e0c    0x4  Data  Gb  system_MK60DZ10.o [1]
core_clk_mhz            0x1fff'0e10    0x4  Data  Gb  system_MK60DZ10.o [1]
default_isr                  0x2a17   0x32  Code  Gb  MK60_conf.o [1]
exit                         0x3ee7    0x4  Code  Gb  exit.o [2]
fixed_freq                   0x3651   0x14  Code  Gb  BJTU_func.o [1]
flash_cmd               0x1fff'0c51   0x1c  Code  Gb  MK60_flash.o [1]
flash_erase_sector      0x1fff'0c97   0x58  Code  Gb  MK60_flash.o [1]
flash_init              0x1fff'0c6d   0x2a  Code  Gb  MK60_flash.o [1]
flash_write             0x1fff'0cef   0x96  Code  Gb  MK60_flash.o [1]
fputc                        0x2967   0x14  Code  Gb  MK60_conf.o [1]
frexp                        0x15cd         Code  Gb  frexp.o [3]
frexpl                       0x15cd         Code  Gb  frexp.o [3]
ftm_mod                 0x1fff'0e00    0xc  Data  Lc  MK60_ftm.o [1]
ftm_pwm_duty                 0x2601   0xe4  Code  Gb  MK60_ftm.o [1]
ftm_pwm_init                 0x247d  0x184  Code  Gb  MK60_ftm.o [1]
ftm_quad_clean               0x281b   0x2e  Code  Gb  MK60_ftm.o [1]
ftm_quad_get                 0x27ed   0x2e  Code  Gb  MK60_ftm.o [1]
ftm_quad_init                0x26e5  0x108  Code  Gb  MK60_ftm.o [1]
gpio_get                     0x2fa7   0x3c  Code  Gb  MK60_gpio.o [1]
gpio_init                    0x2e41   0xb6  Code  Gb  MK60_gpio.o [1]
gpio_set                     0x2ef7   0x76  Code  Gb  MK60_gpio.o [1]
gpio_turn                    0x2f6d   0x3a  Code  Gb  MK60_gpio.o [1]
key_check                    0x2e11   0x2a  Code  Gb  VCAN_key.o [1]
key_get                      0x2df5   0x1c  Code  Gb  VCAN_key.o [1]
key_init                     0x2d9d   0x58  Code  Gb  VCAN_key.o [1]
led_init                     0x2a69   0x40  Code  Gb  VCAN_LED.o [1]
led_turn                     0x2aa9   0x38  Code  Gb  VCAN_LED.o [1]
left_wheel              0x1fff'0e6c    0x2  Data  Lc  BJTU_func.o [1]
localeconv                   0x19ad    0x4  Code  Gb  xlocale_c.o [2]
main                         0x3b89   0x70  Code  Gb  main.o [1]
mcg_cfg                 0x1fff'0b40   0x44  Data  Gb  MK60_mcg.o [1]
mcg_div                 0x1fff'0b84    0x4  Data  Gb  MK60_mcg.o [1]
mcg_div_count                0x2ff5  0x2f4  Code  Gb  MK60_mcg.o [1]
memchr                       0x10f9         Code  Gb  memchr.o [4]
obuf                    0x1fff'0e1c   0x50  Data  Lc  xfiles.o [2]
pll_init                     0x32e9   0x96  Code  Gb  MK60_mcg.o [1]
port_init                    0x2861   0x48  Code  Gb  MK60_port.o [1]
port_init_NoALT              0x28a9   0x68  Code  Gb  MK60_port.o [1]
printf                       0x2ae9   0x28  Code  Gb  printf.o [2]
putchar                      0x3f0d    0xc  Code  Gb  putchar.o [2]
right_wheel             0x1fff'0e6e    0x2  Data  Lc  BJTU_func.o [1]
scale                         0xaad   0x46  Code  Lc  xprintflarge_nomb.o [2]
sec_hand                0x1fff'0e18    0x4  Data  Lc  xfail_s.o [2]
set_sys_dividers        0x1fff'0db5   0x48  Code  Gb  MK60_mcg.o [1]
ss                      0x1fff'0dfc    0x4  Data  Lc  main.o [1]
start                        0x3a31   0x22  Code  Gb  system_MK60DZ10.o [1]
start_check                  0x297b   0x9c  Code  Gb  MK60_conf.o [1]
strchr                       0x1069         Code  Gb  strchr.o [4]
strlen                       0x10c1         Code  Gb  strlen.o [4]
sysinit                      0x3a53   0x38  Code  Gb  system_MK60DZ10.o [1]
systick_delay                0x2b11   0x32  Code  Gb  MK60_SysTick.o [1]
systick_delay_ms             0x2b43   0x18  Code  Gb  MK60_SysTick.o [1]
uart_init                    0x2b71  0x1f6  Code  Gb  MK60_uart.o [1]
uart_putchar                 0x2d67   0x1c  Code  Gb  MK60_uart.o [1]
vector_str              0x1fff'0418  0x708  Data  Gb  MK60_conf.o [1]
wdog_disable                 0x3b49   0x14  Code  Gb  MK60_wdog.o [1]
wdog_unlock                  0x3b5d   0x20  Code  Lc  MK60_wdog.o [1]
write_vtor                   0x3bf9   0x22  Code  Gb  misc.o [1]


[1] = C:\Users\a1176\Desktop\SmartCar\Main\Prj\IAR\DZ10_Debug\Obj
[2] = dl7M_tlf.a
[3] = m7M_tl.a
[4] = rt7M_tl.a

  11 952 bytes of readonly  code memory
     444 bytes of readwrite code memory
   4 236 bytes of readonly  data memory
   2 214 bytes of readwrite data memory

Errors: none
Warnings: none
