###############################################################################
#
# IAR ELF Linker V8.32.1.169/W32 for ARM                  14/Dec/2019  21:07:58
# Copyright 2007-2018 IAR Systems AB.
#
#    Output file  =  
#        C:\Users\a1176\Desktop\SmartCar\Main\Prj\IAR\DZ10_Debug\Exe\vcan_Kinetis.out
#    Map file     =  
#        C:\Users\a1176\Desktop\SmartCar\Main\Prj\IAR\DZ10_Debug\List\vcan_Kinetis.map
#    Command line =  
#        -f C:\Users\a1176\AppData\Local\Temp\EW99FE.tmp
#        (C:\Users\a1176\Desktop\SmartCar\Main\Prj\IAR\DZ10_Debug\Obj\Analog_sensor.o
#        C:\Users\a1176\Desktop\SmartCar\Main\Prj\IAR\DZ10_Debug\Obj\BJTU_func.o
#        C:\Users\a1176\Desktop\SmartCar\Main\Prj\IAR\DZ10_Debug\Obj\DIP_func.o
#        C:\Users\a1176\Desktop\SmartCar\Main\Prj\IAR\DZ10_Debug\Obj\HMI_interface.o
#        C:\Users\a1176\Desktop\SmartCar\Main\Prj\IAR\DZ10_Debug\Obj\main.o
#        C:\Users\a1176\Desktop\SmartCar\Main\Prj\IAR\DZ10_Debug\Obj\misc.o
#        C:\Users\a1176\Desktop\SmartCar\Main\Prj\IAR\DZ10_Debug\Obj\MK60_adc.o
#        C:\Users\a1176\Desktop\SmartCar\Main\Prj\IAR\DZ10_Debug\Obj\MK60_can.o
#        C:\Users\a1176\Desktop\SmartCar\Main\Prj\IAR\DZ10_Debug\Obj\MK60_conf.o
#        C:\Users\a1176\Desktop\SmartCar\Main\Prj\IAR\DZ10_Debug\Obj\MK60_dac.o
#        C:\Users\a1176\Desktop\SmartCar\Main\Prj\IAR\DZ10_Debug\Obj\MK60_dma.o
#        C:\Users\a1176\Desktop\SmartCar\Main\Prj\IAR\DZ10_Debug\Obj\MK60_DWT.o
#        C:\Users\a1176\Desktop\SmartCar\Main\Prj\IAR\DZ10_Debug\Obj\MK60_flash.o
#        C:\Users\a1176\Desktop\SmartCar\Main\Prj\IAR\DZ10_Debug\Obj\MK60_flexbus.o
#        C:\Users\a1176\Desktop\SmartCar\Main\Prj\IAR\DZ10_Debug\Obj\MK60_ftm.o
#        C:\Users\a1176\Desktop\SmartCar\Main\Prj\IAR\DZ10_Debug\Obj\MK60_gpio.o
#        C:\Users\a1176\Desktop\SmartCar\Main\Prj\IAR\DZ10_Debug\Obj\MK60_i2c.o
#        C:\Users\a1176\Desktop\SmartCar\Main\Prj\IAR\DZ10_Debug\Obj\MK60_it.o
#        C:\Users\a1176\Desktop\SmartCar\Main\Prj\IAR\DZ10_Debug\Obj\MK60_lptmr.o
#        C:\Users\a1176\Desktop\SmartCar\Main\Prj\IAR\DZ10_Debug\Obj\MK60_mcg.o
#        C:\Users\a1176\Desktop\SmartCar\Main\Prj\IAR\DZ10_Debug\Obj\MK60_PIT.o
#        C:\Users\a1176\Desktop\SmartCar\Main\Prj\IAR\DZ10_Debug\Obj\MK60_port.o
#        C:\Users\a1176\Desktop\SmartCar\Main\Prj\IAR\DZ10_Debug\Obj\MK60_rtc.o
#        C:\Users\a1176\Desktop\SmartCar\Main\Prj\IAR\DZ10_Debug\Obj\MK60_sdhc.o
#        C:\Users\a1176\Desktop\SmartCar\Main\Prj\IAR\DZ10_Debug\Obj\MK60_spi.o
#        C:\Users\a1176\Desktop\SmartCar\Main\Prj\IAR\DZ10_Debug\Obj\MK60_SysTick.o
#        C:\Users\a1176\Desktop\SmartCar\Main\Prj\IAR\DZ10_Debug\Obj\MK60_uart.o
#        C:\Users\a1176\Desktop\SmartCar\Main\Prj\IAR\DZ10_Debug\Obj\MK60_usb.o
#        C:\Users\a1176\Desktop\SmartCar\Main\Prj\IAR\DZ10_Debug\Obj\MK60_wdog.o
#        C:\Users\a1176\Desktop\SmartCar\Main\Prj\IAR\DZ10_Debug\Obj\oled.o
#        C:\Users\a1176\Desktop\SmartCar\Main\Prj\IAR\DZ10_Debug\Obj\startup_MK60DZ10.o
#        C:\Users\a1176\Desktop\SmartCar\Main\Prj\IAR\DZ10_Debug\Obj\system_MK60DZ10.o
#        C:\Users\a1176\Desktop\SmartCar\Main\Prj\IAR\DZ10_Debug\Obj\VCAN_ASCII.o
#        C:\Users\a1176\Desktop\SmartCar\Main\Prj\IAR\DZ10_Debug\Obj\VCAN_BMP.o
#        C:\Users\a1176\Desktop\SmartCar\Main\Prj\IAR\DZ10_Debug\Obj\VCAN_camera.o
#        C:\Users\a1176\Desktop\SmartCar\Main\Prj\IAR\DZ10_Debug\Obj\VCAN_computer.o
#        C:\Users\a1176\Desktop\SmartCar\Main\Prj\IAR\DZ10_Debug\Obj\vcan_img2sd.o
#        C:\Users\a1176\Desktop\SmartCar\Main\Prj\IAR\DZ10_Debug\Obj\VCAN_key.o
#        C:\Users\a1176\Desktop\SmartCar\Main\Prj\IAR\DZ10_Debug\Obj\VCAN_key_event.o
#        C:\Users\a1176\Desktop\SmartCar\Main\Prj\IAR\DZ10_Debug\Obj\VCAN_LCD.o
#        C:\Users\a1176\Desktop\SmartCar\Main\Prj\IAR\DZ10_Debug\Obj\VCAN_LCD_CH.o
#        C:\Users\a1176\Desktop\SmartCar\Main\Prj\IAR\DZ10_Debug\Obj\VCAN_LCD_ILI9325.o
#        C:\Users\a1176\Desktop\SmartCar\Main\Prj\IAR\DZ10_Debug\Obj\VCAN_LCD_ILI9341.o
#        C:\Users\a1176\Desktop\SmartCar\Main\Prj\IAR\DZ10_Debug\Obj\VCAN_LCD_ST7735R.o
#        C:\Users\a1176\Desktop\SmartCar\Main\Prj\IAR\DZ10_Debug\Obj\VCAN_LCD_ST7735S.o
#        C:\Users\a1176\Desktop\SmartCar\Main\Prj\IAR\DZ10_Debug\Obj\VCAN_LED.o
#        C:\Users\a1176\Desktop\SmartCar\Main\Prj\IAR\DZ10_Debug\Obj\VCAN_MMA7455.o
#        C:\Users\a1176\Desktop\SmartCar\Main\Prj\IAR\DZ10_Debug\Obj\VCAN_NRF24L0.o
#        C:\Users\a1176\Desktop\SmartCar\Main\Prj\IAR\DZ10_Debug\Obj\VCAN_NRF24L0_MSG.o
#        C:\Users\a1176\Desktop\SmartCar\Main\Prj\IAR\DZ10_Debug\Obj\VCAN_OV7725_Eagle.o
#        C:\Users\a1176\Desktop\SmartCar\Main\Prj\IAR\DZ10_Debug\Obj\VCAN_OV7725_Wolf.o
#        C:\Users\a1176\Desktop\SmartCar\Main\Prj\IAR\DZ10_Debug\Obj\VCAN_RTC_count.o
#        C:\Users\a1176\Desktop\SmartCar\Main\Prj\IAR\DZ10_Debug\Obj\VCAN_SCCB.o
#        C:\Users\a1176\Desktop\SmartCar\Main\Prj\IAR\DZ10_Debug\Obj\vcan_sd_app.o
#        C:\Users\a1176\Desktop\SmartCar\Main\Prj\IAR\DZ10_Debug\Obj\Vcan_touch.o
#        C:\Users\a1176\Desktop\SmartCar\Main\Prj\IAR\DZ10_Debug\Obj\VCAN_TSL1401.o
#        C:\Users\a1176\Desktop\SmartCar\Main\Prj\IAR\DZ10_Debug\Obj\VCAN_UI_VAR.o
#        C:\Users\a1176\Desktop\SmartCar\Main\Prj\IAR\DZ10_Debug\Obj\vectors.o
#        C:\Users\a1176\Desktop\SmartCar\Main\Prj\IAR\DZ10_Debug\Obj\weight_func.o
#        --redirect _Printf=_PrintfLargeNoMb --redirect _Scanf=_ScanfLargeNoMb
#        --no_out_extension -o
#        C:\Users\a1176\Desktop\SmartCar\Main\Prj\IAR\DZ10_Debug\Exe\vcan_Kinetis.out
#        --map
#        C:\Users\a1176\Desktop\SmartCar\Main\Prj\IAR\DZ10_Debug\List\vcan_Kinetis.map
#        --config "C:\Users\a1176\Desktop\SmartCar\Main\Prj\IAR\config
#        files\vcan_ROM_K60N512.icf"
#        C:\Users\a1176\Desktop\SmartCar\Main\Prj\IAR\..\..\Lib\CMSIS\iar_cortexM4l_math.a
#        --entry __iar_program_start --vfe --text_out locale)
#
###############################################################################

*******************************************************************************
*** RUNTIME MODEL ATTRIBUTES
***

CppFlavor       = *
__Heap_Handler  = NoFree
__SystemLibrary = DLib
__dlib_version  = 6


*******************************************************************************
*** HEAP SELECTION
***

The no free heap was selected because no calls to memory
deallocation functions were found in the application.


*******************************************************************************
*** PLACEMENT SUMMARY
***

"A0":  place at 0x0 { ro section .intvec };
"A1":  place at 0x410 { ro section .noinit };
define block CodeRelocate { section .textrw_init };
"P1":  place in [from 0x0 to 0x8'0000] { ro, block CodeRelocate };
define block CodeRelocateRam { section .textrw };
define block CSTACK with size = 4K, alignment = 8 { };
define block HEAP with size = 2K, alignment = 8 { };
"P2":  place in [from 0x1fff'0410 to 0x2001'0000] {
          rw, block CodeRelocateRam, block CSTACK, block HEAP };
initialize manually with packing = copy, complex ranges { section .data };
initialize manually with packing = copy, complex ranges { section .textrw };

  Section              Kind         Address     Size  Object
  -------              ----         -------     ----  ------
"A0":                                          0x410
  .intvec              const            0x0    0x410  vectors.o [1]
                                    - 0x410    0x410

"A1":                                            0x8
  .noinit              ro code        0x410      0x8  startup_MK60DZ10.o [1]
                                    - 0x418      0x8

"P1":                                        0x35228
  .rodata              const          0x418  0x2ee00  weight_func.o [1]
  .text                ro code     0x2'f218    0xc16  xprintflarge_nomb.o [2]
  .text                ro code     0x2'fe2e     0x3a  zero_init3.o [4]
  .text                ro code     0x2'fe68     0x16  strchr.o [4]
  .text                ro code     0x2'fe7e      0xa  xsprout.o [2]
  .text                ro code     0x2'fe88     0x40  xfail_s.o [2]
  .text                ro code     0x2'fec8     0x36  strlen.o [4]
  .rodata              const       0x2'fefe      0x2  BJTU_func.o [1]
  .text                ro code     0x2'ff00     0x58  memchr.o [4]
  .text                ro code     0x2'ff58    0x230  I64DivMod.o [4]
  .text                ro code     0x3'0188    0x1a2  DblMul.o [3]
  .rodata              const       0x3'032a      0x2  BJTU_func.o [1]
  .text                ro code     0x3'032c     0xa6  ABImemcpy.o [4]
  .rodata              const       0x3'03d2      0x2  VCAN_camera.o [1]
  .text                ro code     0x3'03d4     0x70  frexp.o [3]
  .text                ro code     0x3'0444    0x246  DblDiv.o [3]
  .text                ro code     0x3'068c     0x28  DblToU32.o [3]
  .text                ro code     0x3'06b4     0x1a  U32ToDbl.o [3]
  .text                ro code     0x3'06d0     0xe2  DblSub.o [3]
  .text                ro code     0x3'07b4      0x8  xlocale_c.o [2]
  .text                ro code     0x3'07bc      0x6  abort.o [2]
  .text                ro code     0x3'07c4      0x2  I64DivZer.o [4]
  .text                ro code     0x3'07c8    0x17a  DblAdd.o [3]
  .text                ro code     0x3'0944      0xc  XXexit.o [4]
  .data_init                       0x3'0950    0x8b0  <Block>
    Initializer bytes  const       0x3'0950    0x8b0  <for .data-1>
  .text                ro code     0x3'1200    0x718  BJTU_func.o [1]
  .text                ro code     0x3'1918    0x460  DIP_func.o [1]
  .text                ro code     0x3'1d78    0x150  weight_func.o [1]
  .text                ro code     0x3'1ec8    0x1ac  MK60_gpio.o [1]
  .text                ro code     0x3'2074     0x7c  MK60_PIT.o [1]
  .text                ro code     0x3'20f0    0x218  VCAN_OV7725_Eagle.o [1]
  .text                ro code     0x3'2308     0x48  no_free_heap0.o [2]
  .text                ro code     0x3'2350     0xa4  VCAN_key.o [1]
  .text                ro code     0x3'23f4     0x80  VCAN_LED.o [1]
  .text                ro code     0x3'2474    0x208  MK60_adc.o [1]
  .text                ro code     0x3'267c    0x22c  MK60_uart.o [1]
  .text                ro code     0x3'28a8    0x4f8  MK60_ftm.o [1]
  .text                ro code     0x3'2da0    0x480  oled.o [1]
  .text                ro code     0x3'3220     0x50  misc.o [1]
  .text                ro code     0x3'3270     0x60  MK60_SysTick.o [1]
  .text                ro code     0x3'32d0     0x98  VCAN_camera.o [1]
  .text                ro code     0x3'3368      0x8  abs.o [2]
  .text                ro code     0x3'3370     0x1c  U32ToFlt.o [3]
  .text                ro code     0x3'338c     0xd8  FltMul.o [3]
  .text                ro code     0x3'3464     0x48  FltToDbl.o [3]
  .text                ro code     0x3'34ac     0x2e  DblCmpLe.o [3]
  .text                ro code     0x3'34dc     0xb8  MK60_port.o [1]
  Veneer               ro code     0x3'3594      0x8  - Linker created -
  Veneer               ro code     0x3'359c      0x8  - Linker created -
  .text                ro code     0x3'35a4    0x140  MK60_conf.o [1]
  .text                ro code     0x3'36e4    0x248  MK60_dma.o [1]
  .text                ro code     0x3'392c    0x342  VCAN_SCCB.o [1]
  .text                ro code     0x3'3c70     0x28  printf.o [2]
  .text                ro code     0x3'3c98     0x2c  xgetmemchunk.o [2]
  .text                ro code     0x3'3cc4    0x228  MK60_i2c.o [1]
  .text                ro code     0x3'3eec      0x6  ABImemclr4.o [4]
  .text                ro code     0x3'3ef4     0x40  sprintf.o [2]
  .text                ro code     0x3'3f34     0x32  ABImemset48.o [4]
  .rodata              const       0x3'3f68    0x5f0  oled.o [1]
  .rodata              const       0x3'4558    0x474  oled.o [1]
  Veneer               ro code     0x3'49cc      0x8  - Linker created -
  .text                ro code     0x3'49d4    0x3c8  MK60_mcg.o [1]
  CodeRelocate                     0x3'4d9c    0x1bc  <Block>
    Initializer bytes  const       0x3'4d9c    0x1bc  <for CodeRelocateRam-1>
  .text                ro code     0x3'4f58    0x118  system_MK60DZ10.o [1]
  .text                ro code     0x3'5070     0x40  MK60_wdog.o [1]
  .text                ro code     0x3'50b0     0x3c  main.o [1]
  .rodata              const       0x3'50ec     0xa0  weight_func.o [1]
  .rodata              const       0x3'518c     0x80  MK60_i2c.o [1]
  .rodata              const       0x3'520c     0x40  MK60_SysTick.o [1]
  .rodata              const       0x3'524c     0x3c  MK60_adc.o [1]
  .rodata              const       0x3'5288     0x3c  MK60_conf.o [1]
  .rodata              const       0x3'52c4     0x3c  MK60_dma.o [1]
  .rodata              const       0x3'5300     0x3c  MK60_flash.o [1]
  .rodata              const       0x3'533c     0x3c  MK60_ftm.o [1]
  .rodata              const       0x3'5378     0x3c  MK60_gpio.o [1]
  .rodata              const       0x3'53b4     0x3c  MK60_PIT.o [1]
  .rodata              const       0x3'53f0     0x3c  MK60_uart.o [1]
  .rodata              const       0x3'542c     0x38  misc.o [1]
  .text                ro code     0x3'5464     0x28  data_init.o [4]
  .rodata              const       0x3'548c     0x24  MK60_conf.o [1]
  .rodata              const       0x3'54b0     0x24  VCAN_OV7725_Eagle.o [1]
  .rodata              const       0x3'54d4     0x24  VCAN_OV7725_Eagle.o [1]
  .iar.init_table      const       0x3'54f8     0x10  - Linker created -
  .rodata              const       0x3'5508     0x20  MK60_conf.o [1]
  .rodata              const       0x3'5528     0x20  VCAN_OV7725_Eagle.o [1]
  .text                ro code     0x3'5548     0x1e  cmain.o [4]
  .text                ro code     0x3'5566      0x4  low_level_init.o [2]
  .text                ro code     0x3'556a      0x4  exit.o [2]
  .text                ro code     0x3'5570      0xa  cexit.o [4]
  .rodata              const       0x3'557c     0x18  VCAN_OV7725_Eagle.o [1]
  .rodata              const       0x3'5594     0x18  VCAN_OV7725_Eagle.o [1]
  .text                ro code     0x3'55ac     0x16  xprout.o [2]
  .text                ro code     0x3'55c4      0xc  putchar.o [2]
  .rodata              const       0x3'55d0     0x14  MK60_conf.o [1]
  .rodata              const       0x3'55e4     0x14  VCAN_OV7725_Eagle.o [1]
  .text                ro code     0x3'55f8      0xc  cstartup_M.o [4]
  .rodata              const       0x3'5604      0x8  BJTU_func.o [1]
  .rodata              const       0x3'560c      0x8  BJTU_func.o [1]
  .rodata              const       0x3'5614      0x8  BJTU_func.o [1]
  .rodata              const       0x3'561c      0x8  main.o [1]
  .rodata              const       0x3'5624      0x4  BJTU_func.o [1]
  .rodata              const       0x3'5628      0x4  BJTU_func.o [1]
  .rodata              const       0x3'562c      0x4  BJTU_func.o [1]
  .rodata              const       0x3'5630      0x4  BJTU_func.o [1]
  .rodata              const       0x3'5634      0x4  BJTU_func.o [1]
  .rodata              const       0x3'5638      0x4  DIP_func.o [1]
  .rodata              const       0x3'563c      0x4  xlocale_c.o [2]
  .rodata              const       0x3'5640      0x0  zero_init3.o [4]
                                 - 0x3'5640  0x35228

"P2", part 1 of 3:                             0xa6c
  .data                         0x1fff'0410    0x8b0  <Block>
    .data-1                     0x1fff'0410    0x8ae  <Init block>
      .data            inited   0x1fff'0410     0x18  BJTU_func.o [1]
      .data            inited   0x1fff'0428    0x708  MK60_conf.o [1]
      .data            inited   0x1fff'0b30      0xc  MK60_ftm.o [1]
      .data            inited   0x1fff'0b3c     0x14  MK60_gpio.o [1]
      .data            inited   0x1fff'0b50      0x8  MK60_i2c.o [1]
      .data            inited   0x1fff'0b58     0x44  MK60_mcg.o [1]
      .data            inited   0x1fff'0b9c      0x4  MK60_mcg.o [1]
      .data            inited   0x1fff'0ba0     0x14  MK60_port.o [1]
      .data            inited   0x1fff'0bb4     0x18  MK60_uart.o [1]
      .data            inited   0x1fff'0bcc      0x8  VCAN_key.o [1]
      .data            inited   0x1fff'0bd4      0x4  VCAN_LED.o [1]
      .data            inited   0x1fff'0bd8     0x64  VCAN_OV7725_Eagle.o [1]
      .data            inited   0x1fff'0c3c     0x38  xlocale_c.o [2]
      .data            inited   0x1fff'0c74     0x48  xfiles.o [2]
      .data            inited   0x1fff'0cbc      0x1  VCAN_OV7725_Eagle.o [1]
      .data            inited   0x1fff'0cbd      0x1  VCAN_OV7725_Eagle.o [1]
  CodeRelocateRam               0x1fff'0cc0    0x1bc  <Block>
    CodeRelocateRam-1           0x1fff'0cc0    0x1bc  <Init block>
      Veneer           inited   0x1fff'0cc0      0x8  - Linker created -
      Veneer           inited   0x1fff'0cc8      0x8  - Linker created -
      .textrw          inited   0x1fff'0cd0    0x164  MK60_flash.o [1]
      .textrw          inited   0x1fff'0e34     0x48  MK60_mcg.o [1]
                              - 0x1fff'0e7c    0xa6c

"P2", part 2 of 3:                            0x1e9c
  .bss                          0x1fff'0e80   0x1e9c  <Block>
    .bss               zero     0x1fff'0e80     0x18  BJTU_func.o [1]
    .bss               zero     0x1fff'0e98     0x18  BJTU_func.o [1]
    .bss               zero     0x1fff'0eb0      0x8  BJTU_func.o [1]
    .bss               zero     0x1fff'0eb8      0x8  BJTU_func.o [1]
    .bss               zero     0x1fff'0ec0      0x8  DIP_func.o [1]
    .bss               zero     0x1fff'0ec8     0x10  DIP_func.o [1]
    .bss               zero     0x1fff'0ed8     0x10  DIP_func.o [1]
    .bss               zero     0x1fff'0ee8      0x8  DIP_func.o [1]
    .bss               zero     0x1fff'0ef0      0x8  DIP_func.o [1]
    .bss               zero     0x1fff'0ef8      0x8  DIP_func.o [1]
    .bss               zero     0x1fff'0f00     0x50  weight_func.o [1]
    .bss               zero     0x1fff'0f50     0x20  weight_func.o [1]
    .bss               zero     0x1fff'0f70      0x4  BJTU_func.o [1]
    .bss               zero     0x1fff'0f74      0x4  BJTU_func.o [1]
    .bss               zero     0x1fff'0f78    0x258  BJTU_func.o [1]
    .bss               zero     0x1fff'11d0   0x12c0  BJTU_func.o [1]
    .bss               zero     0x1fff'2490      0x4  BJTU_func.o [1]
    .bss               zero     0x1fff'2494      0x4  BJTU_func.o [1]
    .bss               zero     0x1fff'2498      0x4  BJTU_func.o [1]
    .bss               zero     0x1fff'249c    0x140  DIP_func.o [1]
    .bss               zero     0x1fff'25dc     0xf0  DIP_func.o [1]
    .bss               zero     0x1fff'26cc     0xf0  DIP_func.o [1]
    .bss               zero     0x1fff'27bc     0x50  DIP_func.o [1]
    .bss               zero     0x1fff'280c     0x3c  DIP_func.o [1]
    .bss               zero     0x1fff'2848     0x3c  DIP_func.o [1]
    .bss               zero     0x1fff'2884      0x4  DIP_func.o [1]
    .bss               zero     0x1fff'2888      0x4  DIP_func.o [1]
    .bss               zero     0x1fff'288c      0x4  DIP_func.o [1]
    .bss               zero     0x1fff'2890      0x4  DIP_func.o [1]
    .bss               zero     0x1fff'2894      0xc  MK60_ftm.o [1]
    .bss               zero     0x1fff'28a0    0x400  oled.o [1]
    .bss               zero     0x1fff'2ca0      0x4  system_MK60DZ10.o [1]
    .bss               zero     0x1fff'2ca4      0x4  system_MK60DZ10.o [1]
    .bss               zero     0x1fff'2ca8      0x4  system_MK60DZ10.o [1]
    .bss               zero     0x1fff'2cac      0x4  VCAN_OV7725_Eagle.o [1]
    .bss               zero     0x1fff'2cb0      0x4  xfail_s.o [2]
    .bss               zero     0x1fff'2cb4     0x50  xfiles.o [2]
    .bss               zero     0x1fff'2d04      0x4  no_free_heap0.o [2]
    .bss               zero     0x1fff'2d08      0x4  xgetmemchunk.o [2]
    .bss               zero     0x1fff'2d0c      0x2  BJTU_func.o [1]
    .bss               zero     0x1fff'2d0e      0x2  BJTU_func.o [1]
    .bss               zero     0x1fff'2d10      0x2  DIP_func.o [1]
    .bss               zero     0x1fff'2d12      0x1  BJTU_func.o [1]
    .bss               zero     0x1fff'2d13      0x1  BJTU_func.o [1]
    .bss               zero     0x1fff'2d14      0x1  BJTU_func.o [1]
    .bss               zero     0x1fff'2d15      0x1  DIP_func.o [1]
    .bss               zero     0x1fff'2d16      0x1  DIP_func.o [1]
                              - 0x1fff'2d18   0x1e9c

"P2", part 3 of 3:                             0x800
  HEAP                          0x1fff'2d18    0x800  <Block>
    HEAP               uninit   0x1fff'2d18    0x800  <Block tail>
                              - 0x1fff'3518    0x800

Unused ranges:

         From           To      Size
         ----           --      ----
     0x3'5640     0x8'0000  0x4'a9c1
  0x1fff'3518  0x2001'0000  0x1'cae9


*******************************************************************************
*** INIT TABLE
***

          Address      Size
          -------      ----
Zero (__iar_zero_init3)
    1 destination range, total size 0x1e97:
          0x1fff'0e80  0x1e97



*******************************************************************************
*** MODULE SUMMARY
***

    Module               ro code  rw code  ro data  rw data
    ------               -------  -------  -------  -------
command line/config:
    -------------------------------------------------------
    Total:

C:\Users\a1176\Desktop\SmartCar\Main\Prj\IAR\DZ10_Debug\Obj: [1]
    BJTU_func.o            1 816                72    5 515
    DIP_func.o             1 120                 4    1 084
    MK60_PIT.o               124                60
    MK60_SysTick.o            96                64
    MK60_adc.o               520                60
    MK60_conf.o              320             1 948    1 800
    MK60_dma.o               584                60
    MK60_flash.o                      356      416
    MK60_ftm.o             1 272                72       24
    MK60_gpio.o              428                80       20
    MK60_i2c.o               552               136        8
    MK60_mcg.o               968       72      144       72
    MK60_port.o              184                20       20
    MK60_uart.o              556                84       24
    MK60_wdog.o               64
    VCAN_LED.o               128                 4        4
    VCAN_OV7725_Eagle.o      536               274      106
    VCAN_SCCB.o              834
    VCAN_camera.o            152                 2
    VCAN_key.o               164                 8        8
    main.o                    60                 8
    misc.o                    80                56
    oled.o                 1 152             2 660    1 024
    startup_MK60DZ10.o         8
    system_MK60DZ10.o        280                         12
    vectors.o                                1 040
    weight_func.o            336           192 160      112
    -------------------------------------------------------
    Total:                12 334      428  199 432    9 833

dl7M_tlf.a: [2]
    abort.o                    6
    abs.o                      8
    exit.o                     4
    low_level_init.o           4
    no_free_heap0.o           72                          4
    printf.o                  40
    putchar.o                 12
    sprintf.o                 64
    xfail_s.o                 64                          4
    xfiles.o                                    72      152
    xgetmemchunk.o            44                          4
    xlocale_c.o                8                60       56
    xprintflarge_nomb.o    3 094
    xprout.o                  22
    xsprout.o                 10
    -------------------------------------------------------
    Total:                 3 452               132      220

m7M_tl.a: [3]
    DblAdd.o                 378
    DblCmpLe.o                46
    DblDiv.o                 582
    DblMul.o                 418
    DblSub.o                 226
    DblToU32.o                40
    FltMul.o                 216
    FltToDbl.o                72
    U32ToDbl.o                26
    U32ToFlt.o                28
    frexp.o                  112
    -------------------------------------------------------
    Total:                 2 144

rt7M_tl.a: [4]
    ABImemclr4.o               6
    ABImemcpy.o              166
    ABImemset48.o             50
    I64DivMod.o              560
    I64DivZer.o                2
    XXexit.o                  12
    cexit.o                   10
    cmain.o                   30
    cstartup_M.o              12
    data_init.o               40
    memchr.o                  88
    strchr.o                  22
    strlen.o                  54
    zero_init3.o              58
    -------------------------------------------------------
    Total:                 1 110

    Gaps                      22                 4
    Linker created            24       16       34    2 048
-----------------------------------------------------------
    Grand Total:          19 086      444  199 602   12 101


*******************************************************************************
*** ENTRY LIST
***

Entry                       Address     Size  Type      Object
-----                       -------     ----  ----      ------
.bss$$Base              0x1fff'0e80            --   Gb  - Linker created -
.bss$$Limit             0x1fff'2d18            --   Gb  - Linker created -
.data$$Base             0x1fff'0410            --   Gb  - Linker created -
.data$$Limit            0x1fff'0cc0            --   Gb  - Linker created -
.data_init$$Base           0x3'0950            --   Gb  - Linker created -
.data_init$$Limit          0x3'1200            --   Gb  - Linker created -
.iar.init_table$$Base      0x3'54f8            --   Gb  - Linker created -
.iar.init_table$$Limit     0x3'5508            --   Gb  - Linker created -
?main                      0x3'5549           Code  Gb  cmain.o [4]
ASSERT_FAILED_STR          0x3'548c     0x24  Data  Gb  MK60_conf.o [1]
CodeRelocate$$Base         0x3'4d9c            --   Gb  - Linker created -
CodeRelocate$$Limit        0x3'4f58            --   Gb  - Linker created -
CodeRelocateRam$$Base   0x1fff'0cc0            --   Gb  - Linker created -
CodeRelocateRam$$Limit  0x1fff'0e7c            --   Gb  - Linker created -
DMA0_IRQHandler            0x3'147f      0x8  Code  Gb  BJTU_func.o [1]
FTMN                    0x1fff'0b30      0xc  Data  Gb  MK60_ftm.o [1]
FTM_port_mux               0x3'28a9    0x114  Code  Lc  MK60_ftm.o [1]
GPIOX                   0x1fff'0b3c     0x14  Data  Gb  MK60_gpio.o [1]
HEAP$$Base              0x1fff'2d18            --   Gb  - Linker created -
HEAP$$Limit             0x1fff'3518            --   Gb  - Linker created -
I2CN                    0x1fff'0b50      0x8  Data  Gb  MK60_i2c.o [1]
KEY_PTxn                0x1fff'0bcc      0x8  Data  Gb  VCAN_key.o [1]
LED_PTxn                0x1fff'0bd4      0x4  Data  Gb  VCAN_LED.o [1]
LoadInt                    0x2'f3bd     0x7a  Code  Lc  xprintflarge_nomb.o [2]
NVIC_DisableIRQ            0x3'2107     0x16  Code  Lc  VCAN_OV7725_Eagle.o [1]
NVIC_EnableIRQ             0x3'1201     0x18  Code  Lc  BJTU_func.o [1]
NVIC_EnableIRQ             0x3'20f1     0x16  Code  Lc  VCAN_OV7725_Eagle.o [1]
NVIC_SystemReset           0x3'35a5     0x18  Code  Lc  MK60_conf.o [1]
OLED_Clear                 0x3'2e27     0x3a  Code  Gb  oled.o [1]
OLED_DrawPoint             0x3'2e61     0xa2  Code  Gb  oled.o [1]
OLED_GRAM               0x1fff'28a0    0x400  Data  Gb  oled.o [1]
OLED_Img_gray_Z            0x3'30f5    0x110  Code  Gb  oled.o [1]
OLED_Init                  0x3'3017     0xde  Code  Gb  oled.o [1]
OLED_Refresh_Gram          0x3'2da3     0x56  Code  Gb  oled.o [1]
OLED_ShowChar              0x3'2f03     0xca  Code  Gb  oled.o [1]
OLED_ShowString            0x3'2fcd     0x4a  Code  Gb  oled.o [1]
OLED_WR_Byte               0x3'2df9     0x2e  Code  Gb  oled.o [1]
PORTA_IRQHandler           0x3'145b     0x24  Code  Gb  BJTU_func.o [1]
PORTX                   0x1fff'0ba0     0x14  Data  Gb  MK60_port.o [1]
Region$$Table$$Base        0x3'54f8            --   Gb  - Linker created -
Region$$Table$$Limit       0x3'5508            --   Gb  - Linker created -
Reset_Handler                 0x411           Code  Gb  startup_MK60DZ10.o [1]
SCCB_Ack                   0x3'39f1     0x38  Code  Lc  VCAN_SCCB.o [1]
SCCB_GPIO_init             0x3'3947     0x28  Code  Gb  VCAN_SCCB.o [1]
SCCB_NoAck                 0x3'3a29     0x38  Code  Lc  VCAN_SCCB.o [1]
SCCB_ReadByte              0x3'3bb7     0x2e  Code  Gb  VCAN_SCCB.o [1]
SCCB_ReadByte_one          0x3'3be5     0x8a  Code  Lc  VCAN_SCCB.o [1]
SCCB_ReceiveByte           0x3'3ae5     0x50  Code  Lc  VCAN_SCCB.o [1]
SCCB_SendByte              0x3'3aa3     0x42  Code  Lc  VCAN_SCCB.o [1]
SCCB_Start                 0x3'396f     0x52  Code  Lc  VCAN_SCCB.o [1]
SCCB_Stop                  0x3'39c1     0x30  Code  Lc  VCAN_SCCB.o [1]
SCCB_WaitAck               0x3'3a61     0x42  Code  Lc  VCAN_SCCB.o [1]
SCCB_WriteByte             0x3'3b45     0x2a  Code  Gb  VCAN_SCCB.o [1]
SCCB_WriteByte_one         0x3'3b6f     0x48  Code  Lc  VCAN_SCCB.o [1]
SCCB_delay                 0x3'392d     0x1a  Code  Lc  VCAN_SCCB.o [1]
UARTN                   0x1fff'0bb4     0x18  Data  Gb  MK60_uart.o [1]
_GenldLargeNoMb            0x2'fb4d    0x24c  Code  Lc  xprintflarge_nomb.o [2]
_LdtobLargeNoMb            0x2'f8f3    0x232  Code  Lc  xprintflarge_nomb.o [2]
_LitobLargeNoMb            0x2'f7a3    0x10a  Code  Lc  xprintflarge_nomb.o [2]
_Locale_lconv           0x1fff'0c3c     0x38  Data  Lc  xlocale_c.o [2]
_PrintfLargeNoMb           0x2'f219    0x19e  Code  Gb  xprintflarge_nomb.o [2]
_Prout                     0x3'55ad     0x16  Code  Gb  xprout.o [2]
_PutcharsLargeNoMb         0x2'fd99     0x2e  Code  Lc  xprintflarge_nomb.o [2]
_PutfldLargeNoMb           0x2'f437    0x260  Code  Lc  xprintflarge_nomb.o [2]
_PuttxtLargeNoMb           0x2'f697    0x10c  Code  Lc  xprintflarge_nomb.o [2]
_SProut                    0x2'fe7f      0xa  Code  Gb  xsprout.o [2]
__BOOT_STACK_ADDRESS {Abs}
                        0x2000'fff8           Data  Gb  <internal module>
__VECTOR_RAM {Abs}      0x1fff'0000           Data  Gb  <internal module>
__VECTOR_TABLE {Abs}            0x0           Data  Gb  <internal module>
__aeabi_cdcmple            0x3'34ad           Code  Gb  DblCmpLe.o [3]
__aeabi_d2uiz              0x3'068d           Code  Gb  DblToU32.o [3]
__aeabi_dadd               0x3'07c9           Code  Gb  DblAdd.o [3]
__aeabi_ddiv               0x3'0445           Code  Gb  DblDiv.o [3]
__aeabi_dmul               0x3'0189           Code  Gb  DblMul.o [3]
__aeabi_dsub               0x3'06d1           Code  Gb  DblSub.o [3]
__aeabi_f2d                0x3'3465           Code  Gb  FltToDbl.o [3]
__aeabi_fmul               0x3'338d           Code  Gb  FltMul.o [3]
__aeabi_ldiv0              0x3'07c5           Code  Gb  I64DivZer.o [4]
__aeabi_memclr4            0x3'3eed           Code  Gb  ABImemclr4.o [4]
__aeabi_memcpy             0x3'032d           Code  Gb  ABImemcpy.o [4]
__aeabi_memcpy4            0x3'034d           Code  Gb  ABImemcpy.o [4]
__aeabi_memcpy8            0x3'034d           Code  Gb  ABImemcpy.o [4]
__aeabi_ui2d               0x3'06b5           Code  Gb  U32ToDbl.o [3]
__aeabi_ui2f               0x3'3371           Code  Gb  U32ToFlt.o [3]
__aeabi_uldivmod           0x2'ff59           Code  Gb  I64DivMod.o [4]
__cmain                    0x3'5549           Code  Gb  cmain.o [4]
__code_start__ {Abs}          0x410           Data  Gb  <internal module>
__data_GetMemChunk         0x3'3c99     0x2c  Code  Gb  xgetmemchunk.o [2]
__data_GetMemChunk::start
                        0x1fff'2d08      0x4  Data  Lc  xgetmemchunk.o [2]
__exit                     0x3'0945           Code  Gb  XXexit.o [4]
__iar_Fail_s               0x2'fe89     0x1c  Code  Gb  xfail_s.o [2]
__iar_Memchr               0x2'ff01           Code  Gb  memchr.o [4]
__iar_Memset4_word         0x3'3f35           Code  Gb  ABImemset48.o [4]
__iar_Memset8_word         0x3'3f35           Code  Gb  ABImemset48.o [4]
__iar_Stdout            0x1fff'0c74     0x48  Data  Gb  xfiles.o [2]
__iar_Strchr               0x2'fe69           Code  Gb  strchr.o [4]
__iar_dadd                 0x3'06e1           Code  Gb  DblSub.o [3]
__iar_data_init3           0x3'5465     0x28  Code  Gb  data_init.o [4]
__iar_dsub                 0x3'07d9           Code  Gb  DblAdd.o [3]
__iar_dsubStart            0x3'07eb           Code  Gb  DblAdd.o [3]
__iar_frexp                0x3'03e1           Code  Gb  frexp.o [3]
__iar_frexp64              0x3'03d5           Code  Gb  frexp.o [3]
__iar_frexpl               0x3'03e1           Code  Gb  frexp.o [3]
__iar_program_start        0x3'55f9           Code  Gb  cstartup_M.o [4]
__iar_zero_init3           0x2'fe2f     0x3a  Code  Gb  zero_init3.o [4]
__low_level_init           0x3'5567      0x4  Code  Gb  low_level_init.o [2]
__no_free_malloc           0x3'2309     0x44  Code  Gb  no_free_heap0.o [2]
__vector_table                  0x0    0x410  Data  Gb  vectors.o [1]
_call_main                 0x3'5555           Code  Gb  cmain.o [4]
_exit                      0x3'5571           Code  Gb  cexit.o [4]
_main                      0x3'5563           Code  Gb  cmain.o [4]
abort                      0x3'07bd      0x6  Code  Gb  abort.o [2]
abs                        0x3'3369      0x8  Code  Gb  abs.o [2]
adc_init                   0x3'2475    0x1f6  Code  Gb  MK60_adc.o [1]
ansArray                0x1fff'0f50     0x20  Data  Gb  weight_func.o [1]
array1                        0x418  0x2ee00  Data  Gb  weight_func.o [1]
array2                     0x3'50ec     0xa0  Data  Gb  weight_func.o [1]
assert_failed              0x3'35bd     0x26  Code  Gb  MK60_conf.o [1]
bjtu_init_adc              0x3'1589      0xa  Code  Gb  BJTU_func.o [1]
bjtu_init_camera           0x3'1677     0x20  Code  Gb  BJTU_func.o [1]
bjtu_init_encoder          0x3'1605     0x10  Code  Gb  BJTU_func.o [1]
bjtu_init_func_list        0x3'14d5     0x70  Code  Gb  BJTU_func.o [1]
bjtu_init_key              0x3'1545     0x28  Code  Gb  BJTU_func.o [1]
bjtu_init_led              0x3'156d     0x1c  Code  Gb  BJTU_func.o [1]
bjtu_init_main             0x3'16cf     0x34  Code  Gb  BJTU_func.o [1]
bjtu_init_oled             0x3'1615      0x8  Code  Gb  BJTU_func.o [1]
bjtu_init_steering         0x3'161d     0x5a  Code  Gb  BJTU_func.o [1]
bjtu_init_timer            0x3'1697     0x38  Code  Gb  BJTU_func.o [1]
bjtu_init_uart             0x3'1593      0xe  Code  Gb  BJTU_func.o [1]
bjtu_init_wheel            0x3'15a1     0x64  Code  Gb  BJTU_func.o [1]
bjtu_main                  0x3'13cd     0x34  Code  Gb  BJTU_func.o [1]
bjtu_main_camera           0x3'1219      0xc  Code  Lc  BJTU_func.o [1]
bjtu_main_dip              0x3'1225     0x2a  Code  Lc  BJTU_func.o [1]
bjtu_main_speed            0x3'1277    0x156  Code  Lc  BJTU_func.o [1]
bjtu_main_steering         0x3'124f     0x28  Code  Lc  BJTU_func.o [1]
bjtu_oled_show_camera      0x3'187d     0x16  Code  Gb  BJTU_func.o [1]
bjtu_refresh_camera        0x3'1869     0x14  Code  Gb  BJTU_func.o [1]
bjtu_refresh_wheel_now_speed
                           0x3'183b     0x2e  Code  Gb  BJTU_func.o [1]
bjtu_set_steering_turn     0x3'17b3     0x7c  Code  Gb  BJTU_func.o [1]
bjtu_set_wheel_expect_speed_all
                           0x3'17a1     0x12  Code  Gb  BJTU_func.o [1]
bjtu_set_wheel_expect_speed_left
                           0x3'178d      0xa  Code  Gb  BJTU_func.o [1]
bjtu_set_wheel_expect_speed_right
                           0x3'1797      0xa  Code  Gb  BJTU_func.o [1]
bjtu_set_wheel_freq_all
                           0x3'1777     0x16  Code  Gb  BJTU_func.o [1]
bjtu_set_wheel_freq_left
                           0x3'1703     0x3a  Code  Gb  BJTU_func.o [1]
bjtu_set_wheel_freq_right
                           0x3'173d     0x3a  Code  Gb  BJTU_func.o [1]
bjtu_turn_steering         0x3'182f      0xc  Code  Gb  BJTU_func.o [1]
bus_clk_khz             0x1fff'2ca8      0x4  Data  Gb  system_MK60DZ10.o [1]
common_startup             0x3'4fb3     0x84  Code  Gb  system_MK60DZ10.o [1]
core_clk_khz            0x1fff'2ca0      0x4  Data  Gb  system_MK60DZ10.o [1]
core_clk_mhz            0x1fff'2ca4      0x4  Data  Gb  system_MK60DZ10.o [1]
default_isr                0x3'3693     0x32  Code  Gb  MK60_conf.o [1]
delta_speed_left        0x1fff'0eb0      0x8  Data  Lc  BJTU_func.o [1]
delta_speed_right       0x1fff'0eb8      0x8  Data  Lc  BJTU_func.o [1]
dip_calculate_height_weight
                           0x3'1bb1     0x5e  Code  Gb  DIP_func.o [1]
dip_calculate_width_weight
                           0x3'1b31     0x80  Code  Gb  DIP_func.o [1]
dip_clear_statistic        0x3'1929     0x52  Code  Gb  DIP_func.o [1]
dip_clear_statistic_bool
                           0x3'197b     0x4a  Code  Gb  DIP_func.o [1]
dip_clear_weight           0x3'19f1     0x2a  Code  Gb  DIP_func.o [1]
dip_clear_weight_height
                           0x3'19db     0x16  Code  Gb  DIP_func.o [1]
dip_clear_weight_width     0x3'19c5     0x16  Code  Gb  DIP_func.o [1]
dip_get_turn_direction     0x3'1c23    0x102  Code  Gb  DIP_func.o [1]
dip_h                   0x1fff'288c      0x4  Data  Lc  DIP_func.o [1]
dip_i                   0x1fff'2884      0x4  Data  Lc  DIP_func.o [1]
dip_init_main              0x3'1919     0x10  Code  Gb  DIP_func.o [1]
dip_j                   0x1fff'2888      0x4  Data  Lc  DIP_func.o [1]
dip_long_ptr            0x1fff'0ec0      0x8  Data  Lc  DIP_func.o [1]
dip_make_statistic         0x3'1a1b    0x116  Code  Gb  DIP_func.o [1]
dip_process                0x3'1c0f     0x14  Code  Gb  DIP_func.o [1]
dip_w                   0x1fff'2890      0x4  Data  Lc  DIP_func.o [1]
dma_gpio_input_init        0x3'36e5     0x5c  Code  Lc  MK60_dma.o [1]
dma_portx2buff_init        0x3'3741    0x1b6  Code  Gb  MK60_dma.o [1]
exit                       0x3'556b      0x4  Code  Gb  exit.o [2]
fixed_freq                 0x3'1401     0x14  Code  Gb  BJTU_func.o [1]
flag                    0x1fff'2d16      0x1  Data  Lc  DIP_func.o [1]
flash_cmd               0x1fff'0cd1     0x1c  Code  Gb  MK60_flash.o [1]
flash_erase_sector      0x1fff'0d17     0x58  Code  Gb  MK60_flash.o [1]
flash_init              0x1fff'0ced     0x2a  Code  Gb  MK60_flash.o [1]
flash_write             0x1fff'0d6f     0x96  Code  Gb  MK60_flash.o [1]
fputc                      0x3'35e3     0x14  Code  Gb  MK60_conf.o [1]
frexp                      0x3'03d5           Code  Gb  frexp.o [3]
frexpl                     0x3'03d5           Code  Gb  frexp.o [3]
ftm_mod                 0x1fff'2894      0xc  Data  Lc  MK60_ftm.o [1]
ftm_pwm_duty               0x3'2b41     0xe4  Code  Gb  MK60_ftm.o [1]
ftm_pwm_init               0x3'29bd    0x184  Code  Gb  MK60_ftm.o [1]
ftm_quad_clean             0x3'2d5b     0x2e  Code  Gb  MK60_ftm.o [1]
ftm_quad_get               0x3'2d2d     0x2e  Code  Gb  MK60_ftm.o [1]
ftm_quad_init              0x3'2c25    0x108  Code  Gb  MK60_ftm.o [1]
gpio_get                   0x3'202f     0x3c  Code  Gb  MK60_gpio.o [1]
gpio_init                  0x3'1ec9     0xb6  Code  Gb  MK60_gpio.o [1]
gpio_set                   0x3'1f7f     0x76  Code  Gb  MK60_gpio.o [1]
gpio_turn                  0x3'1ff5     0x3a  Code  Gb  MK60_gpio.o [1]
height_weight           0x1fff'0ed8     0x10  Data  Gb  DIP_func.o [1]
i2c_delay                  0x3'3de5     0x20  Code  Gb  MK60_i2c.o [1]
i2c_init                   0x3'3cc5    0x120  Code  Gb  MK60_i2c.o [1]
i2c_write_reg              0x3'3e05     0xd4  Code  Gb  MK60_i2c.o [1]
img                     0x1fff'11d0   0x12c0  Data  Lc  BJTU_func.o [1]
imgAns                  0x1fff'2d14      0x1  Data  Gb  BJTU_func.o [1]
img_extract                0x3'32d1     0x98  Code  Gb  VCAN_camera.o [1]
img_h_statistic_L       0x1fff'25dc     0xf0  Data  Gb  DIP_func.o [1]
img_h_statistic_R       0x1fff'26cc     0xf0  Data  Gb  DIP_func.o [1]
img_h_statistic_bool_L  0x1fff'280c     0x3c  Data  Gb  DIP_func.o [1]
img_h_statistic_bool_R  0x1fff'2848     0x3c  Data  Gb  DIP_func.o [1]
img_size                   0x3'5630      0x4  Data  Gb  BJTU_func.o [1]
img_w_statistic         0x1fff'249c    0x140  Data  Gb  DIP_func.o [1]
img_w_statistic_bool    0x1fff'27bc     0x50  Data  Gb  DIP_func.o [1]
img_width_middle           0x3'5638      0x4  Data  Gb  DIP_func.o [1]
imgbuff                 0x1fff'0f78    0x258  Data  Lc  BJTU_func.o [1]
is_running              0x1fff'2d13      0x1  Data  Lc  BJTU_func.o [1]
key_check                  0x3'23c5     0x2a  Code  Gb  VCAN_key.o [1]
key_get                    0x3'23a9     0x1c  Code  Gb  VCAN_key.o [1]
key_init                   0x3'2351     0x58  Code  Gb  VCAN_key.o [1]
led_init                   0x3'23f5     0x40  Code  Gb  VCAN_LED.o [1]
led_turn                   0x3'2435     0x38  Code  Gb  VCAN_LED.o [1]
left_wheel              0x1fff'0e80     0x18  Data  Lc  BJTU_func.o [1]
localeconv                 0x3'07b5      0x4  Code  Gb  xlocale_c.o [2]
main                       0x3'50b1     0x3c  Code  Gb  main.o [1]
main_func_head          0x1fff'2490      0x4  Data  Lc  BJTU_func.o [1]
malloc_func_list           0x3'1487      0xe  Code  Gb  BJTU_func.o [1]
max_angle               0x1fff'2d15      0x1  Data  Lc  DIP_func.o [1]
mcg_cfg                 0x1fff'0b58     0x44  Data  Gb  MK60_mcg.o [1]
mcg_div                 0x1fff'0b9c      0x4  Data  Gb  MK60_mcg.o [1]
mcg_div_count              0x3'49d5    0x316  Code  Gb  MK60_mcg.o [1]
memchr                     0x2'ff01           Code  Gb  memchr.o [4]
mesneArray              0x1fff'0f00     0x50  Data  Gb  weight_func.o [1]
my_delay                   0x3'2da1      0x2  Code  Gb  oled.o [1]
obuf                    0x1fff'2cb4     0x50  Data  Lc  xfiles.o [2]
oled_asc2_1206             0x3'4558    0x474  Data  Gb  oled.o [1]
oled_asc2_1608             0x3'3f68    0x5f0  Data  Gb  oled.o [1]
oled_show_size             0x3'5634      0x4  Data  Gb  BJTU_func.o [1]
ov7725_eagle_cfgnum     0x1fff'0cbd      0x1  Data  Gb  VCAN_OV7725_Eagle.o [1]
ov7725_eagle_dma           0x3'21c5     0x12  Code  Gb  VCAN_OV7725_Eagle.o [1]
ov7725_eagle_get_img       0x3'21d7     0x36  Code  Gb  VCAN_OV7725_Eagle.o [1]
ov7725_eagle_img_buff   0x1fff'2cac      0x4  Data  Gb  VCAN_OV7725_Eagle.o [1]
ov7725_eagle_img_flag   0x1fff'0cbc      0x1  Data  Gb  VCAN_OV7725_Eagle.o [1]
ov7725_eagle_init          0x3'211d     0x18  Code  Gb  VCAN_OV7725_Eagle.o [1]
ov7725_eagle_port_init     0x3'2135     0x50  Code  Lc  VCAN_OV7725_Eagle.o [1]
ov7725_eagle_reg        0x1fff'0bd8     0x64  Data  Gb  VCAN_OV7725_Eagle.o [1]
ov7725_eagle_reg_init      0x3'220d     0xae  Code  Lc  VCAN_OV7725_Eagle.o [1]
ov7725_eagle_vsync         0x3'2185     0x40  Code  Gb  VCAN_OV7725_Eagle.o [1]
pit_init                   0x3'2075     0x6c  Code  Gb  MK60_PIT.o [1]
pll_init                   0x3'4ceb     0x96  Code  Gb  MK60_mcg.o [1]
port_init                  0x3'34dd     0x48  Code  Gb  MK60_port.o [1]
port_init_NoALT            0x3'3525     0x68  Code  Gb  MK60_port.o [1]
printf                     0x3'3c71     0x28  Code  Gb  printf.o [2]
putchar                    0x3'55c5      0xc  Code  Gb  putchar.o [2]
qs                      0x1fff'2d04      0x4  Data  Lc  no_free_heap0.o [2]
right_wheel             0x1fff'0e98     0x18  Data  Lc  BJTU_func.o [1]
road_buff               0x1fff'2498      0x4  Data  Gb  BJTU_func.o [1]
road_list               0x1fff'0410     0x18  Data  Gb  BJTU_func.o [1]
scale                      0x2'f8ad     0x46  Code  Lc  xprintflarge_nomb.o [2]
sec_hand                0x1fff'2cb0      0x4  Data  Lc  xfail_s.o [2]
set_sys_dividers        0x1fff'0e35     0x48  Code  Gb  MK60_mcg.o [1]
set_vector_handler         0x3'3243     0x22  Code  Gb  misc.o [1]
site                       0x3'562c      0x4  Data  Gb  BJTU_func.o [1]
sprintf                    0x3'3ef5     0x40  Code  Gb  sprintf.o [2]
start                      0x3'4f59     0x22  Code  Gb  system_MK60DZ10.o [1]
start_check                0x3'35f7     0x9c  Code  Gb  MK60_conf.o [1]
steering_end_turn          0x3'1415     0x18  Code  Gb  BJTU_func.o [1]
steering_start_turn        0x3'142d     0x2e  Code  Gb  BJTU_func.o [1]
steering_turn           0x1fff'2d0c      0x2  Data  Lc  BJTU_func.o [1]
steering_turn_order     0x1fff'2d0e      0x2  Data  Lc  BJTU_func.o [1]
steering_turn_total        0x3'5628      0x4  Data  Gb  BJTU_func.o [1]
strchr                     0x2'fe69           Code  Gb  strchr.o [4]
strlen                     0x2'fec9           Code  Gb  strlen.o [4]
sysinit                    0x3'4f7b     0x38  Code  Gb  system_MK60DZ10.o [1]
systick_delay              0x3'3271     0x32  Code  Gb  MK60_SysTick.o [1]
systick_delay_ms           0x3'32a3     0x18  Code  Gb  MK60_SysTick.o [1]
time_arrived            0x1fff'2d12      0x1  Data  Lc  BJTU_func.o [1]
time_ms                 0x1fff'0f70      0x4  Data  Lc  BJTU_func.o [1]
time_needed             0x1fff'0f74      0x4  Data  Lc  BJTU_func.o [1]
timer                      0x3'1495     0x40  Code  Gb  BJTU_func.o [1]
tmp_turn_order          0x1fff'2d10      0x2  Data  Lc  DIP_func.o [1]
total_left_weight       0x1fff'0ee8      0x8  Data  Lc  DIP_func.o [1]
total_right_weight      0x1fff'0ef0      0x8  Data  Lc  DIP_func.o [1]
total_weight_dt         0x1fff'0ef8      0x8  Data  Lc  DIP_func.o [1]
uart_init                  0x3'267d    0x1f6  Code  Gb  MK60_uart.o [1]
uart_putchar               0x3'2873     0x1c  Code  Gb  MK60_uart.o [1]
vector_str              0x1fff'0428    0x708  Data  Gb  MK60_conf.o [1]
wdog_disable               0x3'5071     0x14  Code  Gb  MK60_wdog.o [1]
wdog_unlock                0x3'5085     0x20  Code  Lc  MK60_wdog.o [1]
weight_get_ans             0x3'1e5f     0x54  Code  Gb  weight_func.o [1]
weight_get_finalArray      0x3'1e0d     0x52  Code  Gb  weight_func.o [1]
weight_get_mesneArray      0x3'1ddd     0x30  Code  Gb  weight_func.o [1]
weight_mul_sum             0x3'1d79     0x64  Code  Gb  weight_func.o [1]
width_weight            0x1fff'0ec8     0x10  Data  Gb  DIP_func.o [1]
willing_buff            0x1fff'2494      0x4  Data  Gb  BJTU_func.o [1]
write_vtor                 0x3'3221     0x22  Code  Gb  misc.o [1]


[1] = C:\Users\a1176\Desktop\SmartCar\Main\Prj\IAR\DZ10_Debug\Obj
[2] = dl7M_tlf.a
[3] = m7M_tl.a
[4] = rt7M_tl.a

   19 086 bytes of readonly  code memory
      444 bytes of readwrite code memory
  199 602 bytes of readonly  data memory
   12 101 bytes of readwrite data memory

Errors: none
Warnings: none
