###############################################################################
#
# IAR ELF Linker V8.32.1.169/W32 for ARM                  04/Dec/2019  19:51:41
# Copyright 2007-2018 IAR Systems AB.
#
#    Output file  =  
#        C:\Users\a1176\Desktop\SmartCar\Main\Prj\IAR\DZ10_Release\Exe\vcan_Kinetis.out
#    Map file     =  
#        C:\Users\a1176\Desktop\SmartCar\Main\Prj\IAR\DZ10_Release\List\vcan_Kinetis.map
#    Command line =  
#        -f C:\Users\a1176\AppData\Local\Temp\EW90CF.tmp
#        (C:\Users\a1176\Desktop\SmartCar\Main\Prj\IAR\DZ10_Release\Obj\Analog_sensor.o
#        C:\Users\a1176\Desktop\SmartCar\Main\Prj\IAR\DZ10_Release\Obj\BJTU_func.o
#        C:\Users\a1176\Desktop\SmartCar\Main\Prj\IAR\DZ10_Release\Obj\DIP_func.o
#        C:\Users\a1176\Desktop\SmartCar\Main\Prj\IAR\DZ10_Release\Obj\HMI_interface.o
#        C:\Users\a1176\Desktop\SmartCar\Main\Prj\IAR\DZ10_Release\Obj\main.o
#        C:\Users\a1176\Desktop\SmartCar\Main\Prj\IAR\DZ10_Release\Obj\misc.o
#        C:\Users\a1176\Desktop\SmartCar\Main\Prj\IAR\DZ10_Release\Obj\MK60_adc.o
#        C:\Users\a1176\Desktop\SmartCar\Main\Prj\IAR\DZ10_Release\Obj\MK60_can.o
#        C:\Users\a1176\Desktop\SmartCar\Main\Prj\IAR\DZ10_Release\Obj\MK60_conf.o
#        C:\Users\a1176\Desktop\SmartCar\Main\Prj\IAR\DZ10_Release\Obj\MK60_dac.o
#        C:\Users\a1176\Desktop\SmartCar\Main\Prj\IAR\DZ10_Release\Obj\MK60_dma.o
#        C:\Users\a1176\Desktop\SmartCar\Main\Prj\IAR\DZ10_Release\Obj\MK60_DWT.o
#        C:\Users\a1176\Desktop\SmartCar\Main\Prj\IAR\DZ10_Release\Obj\MK60_flash.o
#        C:\Users\a1176\Desktop\SmartCar\Main\Prj\IAR\DZ10_Release\Obj\MK60_flexbus.o
#        C:\Users\a1176\Desktop\SmartCar\Main\Prj\IAR\DZ10_Release\Obj\MK60_ftm.o
#        C:\Users\a1176\Desktop\SmartCar\Main\Prj\IAR\DZ10_Release\Obj\MK60_gpio.o
#        C:\Users\a1176\Desktop\SmartCar\Main\Prj\IAR\DZ10_Release\Obj\MK60_i2c.o
#        C:\Users\a1176\Desktop\SmartCar\Main\Prj\IAR\DZ10_Release\Obj\MK60_it.o
#        C:\Users\a1176\Desktop\SmartCar\Main\Prj\IAR\DZ10_Release\Obj\MK60_lptmr.o
#        C:\Users\a1176\Desktop\SmartCar\Main\Prj\IAR\DZ10_Release\Obj\MK60_mcg.o
#        C:\Users\a1176\Desktop\SmartCar\Main\Prj\IAR\DZ10_Release\Obj\MK60_PIT.o
#        C:\Users\a1176\Desktop\SmartCar\Main\Prj\IAR\DZ10_Release\Obj\MK60_port.o
#        C:\Users\a1176\Desktop\SmartCar\Main\Prj\IAR\DZ10_Release\Obj\MK60_rtc.o
#        C:\Users\a1176\Desktop\SmartCar\Main\Prj\IAR\DZ10_Release\Obj\MK60_sdhc.o
#        C:\Users\a1176\Desktop\SmartCar\Main\Prj\IAR\DZ10_Release\Obj\MK60_spi.o
#        C:\Users\a1176\Desktop\SmartCar\Main\Prj\IAR\DZ10_Release\Obj\MK60_SysTick.o
#        C:\Users\a1176\Desktop\SmartCar\Main\Prj\IAR\DZ10_Release\Obj\MK60_uart.o
#        C:\Users\a1176\Desktop\SmartCar\Main\Prj\IAR\DZ10_Release\Obj\MK60_usb.o
#        C:\Users\a1176\Desktop\SmartCar\Main\Prj\IAR\DZ10_Release\Obj\MK60_wdog.o
#        C:\Users\a1176\Desktop\SmartCar\Main\Prj\IAR\DZ10_Release\Obj\oled.o
#        C:\Users\a1176\Desktop\SmartCar\Main\Prj\IAR\DZ10_Release\Obj\startup_MK60DZ10.o
#        C:\Users\a1176\Desktop\SmartCar\Main\Prj\IAR\DZ10_Release\Obj\system_MK60DZ10.o
#        C:\Users\a1176\Desktop\SmartCar\Main\Prj\IAR\DZ10_Release\Obj\VCAN_ASCII.o
#        C:\Users\a1176\Desktop\SmartCar\Main\Prj\IAR\DZ10_Release\Obj\VCAN_BMP.o
#        C:\Users\a1176\Desktop\SmartCar\Main\Prj\IAR\DZ10_Release\Obj\VCAN_camera.o
#        C:\Users\a1176\Desktop\SmartCar\Main\Prj\IAR\DZ10_Release\Obj\VCAN_computer.o
#        C:\Users\a1176\Desktop\SmartCar\Main\Prj\IAR\DZ10_Release\Obj\vcan_img2sd.o
#        C:\Users\a1176\Desktop\SmartCar\Main\Prj\IAR\DZ10_Release\Obj\VCAN_key.o
#        C:\Users\a1176\Desktop\SmartCar\Main\Prj\IAR\DZ10_Release\Obj\VCAN_key_event.o
#        C:\Users\a1176\Desktop\SmartCar\Main\Prj\IAR\DZ10_Release\Obj\VCAN_LCD.o
#        C:\Users\a1176\Desktop\SmartCar\Main\Prj\IAR\DZ10_Release\Obj\VCAN_LCD_CH.o
#        C:\Users\a1176\Desktop\SmartCar\Main\Prj\IAR\DZ10_Release\Obj\VCAN_LCD_ILI9325.o
#        C:\Users\a1176\Desktop\SmartCar\Main\Prj\IAR\DZ10_Release\Obj\VCAN_LCD_ILI9341.o
#        C:\Users\a1176\Desktop\SmartCar\Main\Prj\IAR\DZ10_Release\Obj\VCAN_LCD_ST7735R.o
#        C:\Users\a1176\Desktop\SmartCar\Main\Prj\IAR\DZ10_Release\Obj\VCAN_LCD_ST7735S.o
#        C:\Users\a1176\Desktop\SmartCar\Main\Prj\IAR\DZ10_Release\Obj\VCAN_LED.o
#        C:\Users\a1176\Desktop\SmartCar\Main\Prj\IAR\DZ10_Release\Obj\VCAN_MMA7455.o
#        C:\Users\a1176\Desktop\SmartCar\Main\Prj\IAR\DZ10_Release\Obj\VCAN_NRF24L0.o
#        C:\Users\a1176\Desktop\SmartCar\Main\Prj\IAR\DZ10_Release\Obj\VCAN_NRF24L0_MSG.o
#        C:\Users\a1176\Desktop\SmartCar\Main\Prj\IAR\DZ10_Release\Obj\VCAN_OV7725_Eagle.o
#        C:\Users\a1176\Desktop\SmartCar\Main\Prj\IAR\DZ10_Release\Obj\VCAN_OV7725_Wolf.o
#        C:\Users\a1176\Desktop\SmartCar\Main\Prj\IAR\DZ10_Release\Obj\VCAN_RTC_count.o
#        C:\Users\a1176\Desktop\SmartCar\Main\Prj\IAR\DZ10_Release\Obj\VCAN_SCCB.o
#        C:\Users\a1176\Desktop\SmartCar\Main\Prj\IAR\DZ10_Release\Obj\vcan_sd_app.o
#        C:\Users\a1176\Desktop\SmartCar\Main\Prj\IAR\DZ10_Release\Obj\Vcan_touch.o
#        C:\Users\a1176\Desktop\SmartCar\Main\Prj\IAR\DZ10_Release\Obj\VCAN_TSL1401.o
#        C:\Users\a1176\Desktop\SmartCar\Main\Prj\IAR\DZ10_Release\Obj\VCAN_UI_VAR.o
#        C:\Users\a1176\Desktop\SmartCar\Main\Prj\IAR\DZ10_Release\Obj\vectors.o
#        --redirect _Printf=_PrintfLargeNoMb --redirect _Scanf=_ScanfLargeNoMb
#        --no_out_extension -o
#        C:\Users\a1176\Desktop\SmartCar\Main\Prj\IAR\DZ10_Release\Exe\vcan_Kinetis.out
#        --map
#        C:\Users\a1176\Desktop\SmartCar\Main\Prj\IAR\DZ10_Release\List\vcan_Kinetis.map
#        --config "C:\Users\a1176\Desktop\SmartCar\Main\Prj\IAR\config
#        files\vcan_ROM_K60N512.icf"
#        C:\Users\a1176\Desktop\SmartCar\Main\Prj\IAR\..\..\Lib\CMSIS\iar_cortexM4l_math.a
#        --entry __iar_program_start --redirect __write=__write_buffered
#        --inline --vfe --text_out locale)
#
###############################################################################

*******************************************************************************
*** RUNTIME MODEL ATTRIBUTES
***

CppFlavor       = *
__SystemLibrary = DLib
__dlib_version  = 6


*******************************************************************************
*** HEAP SELECTION
***

The basic heap was selected because no calls to memory allocation
functions were found in the application outside of system library
functions, and there are calls to deallocation functions in the
application.


*******************************************************************************
*** PLACEMENT SUMMARY
***

"A0":  place at 0x0 { ro section .intvec };
"A1":  place at 0x410 { ro section .noinit };
define block CodeRelocate { section .textrw_init };
"P1":  place in [from 0x0 to 0x8'0000] { ro, block CodeRelocate };
define block CodeRelocateRam { section .textrw };
define block CSTACK with size = 4K, alignment = 8 { };
define block HEAP with size = 2K, alignment = 8 { };
"P2":  place in [from 0x1fff'0410 to 0x2001'0000] {
          rw, block CodeRelocateRam, block CSTACK, block HEAP };
initialize manually with packing = copy, complex ranges { section .data };
initialize manually with packing = copy, complex ranges { section .textrw };

  Section              Kind         Address    Size  Object
  -------              ----         -------    ----  ------
"A0":                                         0x410
  .intvec              const            0x0   0x410  vectors.o [1]
                                    - 0x410   0x410

"A1":                                           0x8
  .noinit              ro code        0x410     0x8  startup_MK60DZ10.o [1]
                                    - 0x418     0x8

"P1":                                        0x3fe0
  .text                ro code        0x418   0xc16  xprintflarge_nomb.o [2]
  .text                ro code       0x102e    0x3a  zero_init3.o [4]
  .text                ro code       0x1068    0x16  strchr.o [4]
  .text                ro code       0x107e     0xa  xsprout.o [2]
  .text                ro code       0x1088    0x40  xfail_s.o [2]
  .text                ro code       0x10c8    0x36  strlen.o [4]
  .text                ro code       0x1100    0x58  memchr.o [4]
  .text                ro code       0x1158   0x230  I64DivMod.o [4]
  .text                ro code       0x1388   0x1a2  DblMul.o [3]
  .text                ro code       0x152c    0xa6  ABImemcpy.o [4]
  .text                ro code       0x15d4    0x70  frexp.o [3]
  .text                ro code       0x1644   0x246  DblDiv.o [3]
  .text                ro code       0x188c    0x28  DblToU32.o [3]
  .text                ro code       0x18b4    0x1a  U32ToDbl.o [3]
  .text                ro code       0x18d0    0xe2  DblSub.o [3]
  .text                ro code       0x19b4     0x8  xlocale_c.o [2]
  .text                ro code       0x19bc     0x6  abort.o [2]
  .text                ro code       0x19c4     0x2  I64DivZer.o [4]
  .text                ro code       0x19c8   0x16a  DblAdd.o [3]
  .text                ro code       0x1b34     0xc  XXexit.o [4]
  .rodata              const         0x1b40   0xa64  oled.o [1]
  .text                ro code       0x25a4   0x47c  VCAN_SCCB.o [1]
  .text                ro code       0x2a20    0xa0  MK60_gpio.o [1]
  .text                ro code       0x2ac0    0x7c  MK60_port.o [1]
  .text                ro code       0x2b3c   0x374  oled.o [1]
  .text                ro code       0x2eb0   0x184  MK60_i2c.o [1]
  .text                ro code       0x3034    0x40  sprintf.o [2]
  .text                ro code       0x3074   0x2b4  BJTU_func.o [1]
  .text                ro code       0x3328    0x18  misc.o [1]
  .text                ro code       0x3340    0x44  MK60_PIT.o [1]
  .text                ro code       0x3384   0x164  VCAN_OV7725_Eagle.o [1]
  .text                ro code       0x34e8    0x6c  VCAN_LED.o [1]
  .text                ro code       0x3554   0x1f8  MK60_ftm.o [1]
  .text                ro code       0x374c    0x30  MK60_SysTick.o [1]
  .text                ro code       0x377c   0x128  MK60_adc.o [1]
  .text                ro code       0x38a4   0x15c  MK60_uart.o [1]
  .text                ro code       0x3a00    0x8a  VCAN_camera.o [1]
  .text                ro code       0x3a8c    0x28  printf.o [2]
  .text                ro code       0x3ab4    0xf4  MK60_dma.o [1]
  Veneer               ro code       0x3ba8     0x8  - Linker created -
  .text                ro code       0x3bb0   0x274  MK60_mcg.o [1]
  .data_init                         0x3e24   0x1b4  <Block>
    Initializer bytes  const         0x3e24   0x1b4  <for .data-1>
  .text                ro code       0x3fd8    0xc8  system_MK60DZ10.o [1]
  .text                ro code       0x40a0    0x2c  MK60_wdog.o [1]
  .text                ro code       0x40cc    0x6a  main.o [1]
  .text                ro code       0x4138     0x6  ABImemclr.o [4]
  .text                ro code       0x4140    0xc0  VCAN_key.o [1]
  .text                ro code       0x4200    0x5e  ABImemset.o [4]
  .rodata              const         0x4260    0x80  MK60_i2c.o [1]
  CodeRelocate                       0x42e0    0x48  <Block>
    Initializer bytes  const         0x42e0    0x48  <for CodeRelocateRam-1>
  .text                ro code       0x4328    0x28  data_init.o [4]
  .rodata              const         0x4350    0x24  BJTU_func.o [1]
  .iar.init_table      const         0x4374    0x10  - Linker created -
  .text                ro code       0x4384    0x1e  cmain.o [4]
  .text                ro code       0x43a2     0x4  exit.o [2]
  .text                ro code       0x43a8     0xa  cexit.o [4]
  .text                ro code       0x43b2    0x16  xprout.o [2]
  .text                ro code       0x43c8     0xc  putchar.o [2]
  .text                ro code       0x43d4    0x14  MK60_conf.o [1]
  .text                ro code       0x43e8     0xc  cstartup_M.o [4]
  .rodata              const         0x43f4     0x4  xlocale_c.o [2]
  .rodata              const         0x43f8     0x0  zero_init3.o [4]
                                   - 0x43f8  0x3fe0

"P2", part 1 of 2:                            0x1fc
  .data                         0x1fff'0410   0x1b4  <Block>
    .data-1                     0x1fff'0410   0x1b4  <Init block>
      .data            inited   0x1fff'0410     0x8  MK60_adc.o [1]
      .data            inited   0x1fff'0418    0x18  MK60_ftm.o [1]
      .data            inited   0x1fff'0430    0x14  MK60_gpio.o [1]
      .data            inited   0x1fff'0444     0x8  MK60_i2c.o [1]
      .data            inited   0x1fff'044c    0x44  MK60_mcg.o [1]
      .data            inited   0x1fff'0490     0x4  MK60_mcg.o [1]
      .data            inited   0x1fff'0494    0x14  MK60_port.o [1]
      .data            inited   0x1fff'04a8    0x18  MK60_uart.o [1]
      .data            inited   0x1fff'04c0    0x10  VCAN_key.o [1]
      .data            inited   0x1fff'04d0     0x4  VCAN_LED.o [1]
      .data            inited   0x1fff'04d4     0x8  VCAN_OV7725_Eagle.o [1]
      .data            inited   0x1fff'04dc    0x65  VCAN_OV7725_Eagle.o [1]
      .data            inited   0x1fff'0544    0x38  xlocale_c.o [2]
      .data            inited   0x1fff'057c    0x48  xfiles.o [2]
  CodeRelocateRam               0x1fff'05c4    0x48  <Block>
    CodeRelocateRam-1           0x1fff'05c4    0x48  <Init block>
      .textrw          inited   0x1fff'05c4    0x48  MK60_mcg.o [1]
                              - 0x1fff'060c   0x1fc

"P2", part 2 of 2:                           0x1990
  .bss                          0x1fff'060c  0x1990  <Block>
    .bss               zero     0x1fff'060c    0x10  BJTU_func.o [1]
    .bss               zero     0x1fff'061c  0x151c  BJTU_func.o [1]
    .bss               zero     0x1fff'1b38   0x400  oled.o [1]
    .bss               zero     0x1fff'1f38     0xc  system_MK60DZ10.o [1]
    .bss               zero     0x1fff'1f44     0x4  xfail_s.o [2]
    .bss               zero     0x1fff'1f48    0x50  xfiles.o [2]
    .bss               zero     0x1fff'1f98     0x2  BJTU_func.o [1]
                              - 0x1fff'1f9c  0x1990

Unused ranges:

         From           To      Size
         ----           --      ----
       0x43f8     0x8'0000  0x7'bc09
  0x1fff'1f9c  0x2001'0000  0x1'e065


*******************************************************************************
*** INIT TABLE
***

          Address      Size
          -------      ----
Zero (__iar_zero_init3)
    1 destination range, total size 0x198e:
          0x1fff'060c  0x198e



*******************************************************************************
*** MODULE SUMMARY
***

    Module               ro code  rw code  ro data  rw data
    ------               -------  -------  -------  -------
command line/config:
    -------------------------------------------------------
    Total:

C:\Users\a1176\Desktop\SmartCar\Main\Prj\IAR\DZ10_Release\Obj: [1]
    BJTU_func.o              692                36    5 422
    MK60_PIT.o                68
    MK60_SysTick.o            48
    MK60_adc.o               296                 8        8
    MK60_conf.o               20
    MK60_dma.o               244
    MK60_ftm.o               504                24       24
    MK60_gpio.o              160                20       20
    MK60_i2c.o               388               136        8
    MK60_mcg.o               628       72      144       72
    MK60_port.o              124                20       20
    MK60_uart.o              348                24       24
    MK60_wdog.o               44
    VCAN_LED.o               108                 4        4
    VCAN_OV7725_Eagle.o      356               109      109
    VCAN_SCCB.o            1 148
    VCAN_camera.o            138
    VCAN_key.o               192                16       16
    main.o                   106
    misc.o                    24
    oled.o                   884             2 660    1 024
    startup_MK60DZ10.o         8
    system_MK60DZ10.o        200                         12
    vectors.o                                1 040
    -------------------------------------------------------
    Total:                 6 728       72    4 241    6 763

dl7M_tlf.a: [2]
    abort.o                    6
    exit.o                     4
    printf.o                  40
    putchar.o                 12
    sprintf.o                 64
    xfail_s.o                 64                          4
    xfiles.o                                    72      152
    xlocale_c.o                8                63       56
    xprintflarge_nomb.o    3 094
    xprout.o                  22
    xsprout.o                 10
    -------------------------------------------------------
    Total:                 3 324               135      212

m7M_tl.a: [3]
    DblAdd.o                 362
    DblDiv.o                 582
    DblMul.o                 418
    DblSub.o                 226
    DblToU32.o                40
    U32ToDbl.o                26
    frexp.o                  112
    -------------------------------------------------------
    Total:                 1 766

rt7M_tl.a: [4]
    ABImemclr.o                6
    ABImemcpy.o              166
    ABImemset.o               94
    I64DivMod.o              560
    I64DivZer.o                2
    XXexit.o                  12
    cexit.o                   10
    cmain.o                   30
    cstartup_M.o              12
    data_init.o               40
    memchr.o                  88
    strchr.o                  22
    strlen.o                  54
    zero_init3.o              58
    -------------------------------------------------------
    Total:                 1 154

    Gaps                      26                 2        3
    Linker created             8                16
-----------------------------------------------------------
    Grand Total:          13 006       72    4 394    6 978


*******************************************************************************
*** ENTRY LIST
***

Entry                       Address    Size  Type      Object
-----                       -------    ----  ----      ------
.bss$$Base              0x1fff'060c           --   Gb  - Linker created -
.bss$$Limit             0x1fff'1f9c           --   Gb  - Linker created -
.data$$Base             0x1fff'0410           --   Gb  - Linker created -
.data$$Limit            0x1fff'05c4           --   Gb  - Linker created -
.data_init$$Base             0x3e24           --   Gb  - Linker created -
.data_init$$Limit            0x3fd8           --   Gb  - Linker created -
.iar.init_table$$Base        0x4374           --   Gb  - Linker created -
.iar.init_table$$Limit       0x4384           --   Gb  - Linker created -
?main                        0x4385          Code  Gb  cmain.o [4]
ADCN                    0x1fff'0410     0x8  Data  Gb  MK60_adc.o [1]
CodeRelocate$$Base           0x42e0           --   Gb  - Linker created -
CodeRelocate$$Limit          0x4328           --   Gb  - Linker created -
CodeRelocateRam$$Base   0x1fff'05c4           --   Gb  - Linker created -
CodeRelocateRam$$Limit  0x1fff'060c           --   Gb  - Linker created -
DMA0_IRQHandler              0x30db     0x4  Code  Gb  BJTU_func.o [1]
FTMN                    0x1fff'0418     0xc  Data  Gb  MK60_ftm.o [1]
FTM_port_mux                 0x3555    0x9c  Code  Lc  MK60_ftm.o [1]
GPIOX                   0x1fff'0430    0x14  Data  Gb  MK60_gpio.o [1]
I2CN                    0x1fff'0444     0x8  Data  Gb  MK60_i2c.o [1]
KEY_PTxn                0x1fff'04c0     0x8  Data  Gb  VCAN_key.o [1]
LED_PTxn                0x1fff'04d0     0x4  Data  Gb  VCAN_LED.o [1]
LoadInt                       0x5bd    0x7a  Code  Lc  xprintflarge_nomb.o [2]
OLED_Clear                   0x2ba3    0x24  Code  Gb  oled.o [1]
OLED_DrawPoint               0x2bc7    0x40  Code  Gb  oled.o [1]
OLED_GRAM               0x1fff'1b38   0x400  Data  Gb  oled.o [1]
OLED_Img_gray_Z              0x2daf    0xe2  Code  Gb  oled.o [1]
OLED_Init                    0x2cd3    0xdc  Code  Gb  oled.o [1]
OLED_Refresh_Gram            0x2b3d    0x54  Code  Gb  oled.o [1]
OLED_ShowChar                0x2c07    0x88  Code  Gb  oled.o [1]
OLED_ShowString              0x2c95    0x3e  Code  Gb  oled.o [1]
OLED_WR_Byte                 0x2b91    0x12  Code  Gb  oled.o [1]
PORTA_IRQHandler             0x30c1    0x1a  Code  Gb  BJTU_func.o [1]
PORTX                   0x1fff'0494    0x14  Data  Gb  MK60_port.o [1]
Region$$Table$$Base          0x4374           --   Gb  - Linker created -
Region$$Table$$Limit         0x4384           --   Gb  - Linker created -
Reset_Handler                 0x411          Code  Gb  startup_MK60DZ10.o [1]
SCCB_GPIO_init               0x25a5    0x2a  Code  Gb  VCAN_SCCB.o [1]
SCCB_ReadByte                0x2843    0x20  Code  Gb  VCAN_SCCB.o [1]
SCCB_ReadByte_one            0x2863   0x1ac  Code  Lc  VCAN_SCCB.o [1]
SCCB_SendByte                0x26f9    0x5e  Code  Lc  VCAN_SCCB.o [1]
SCCB_Start                   0x25cf    0x6c  Code  Lc  VCAN_SCCB.o [1]
SCCB_Stop                    0x263b    0x64  Code  Lc  VCAN_SCCB.o [1]
SCCB_WaitAck                 0x269f    0x5a  Code  Lc  VCAN_SCCB.o [1]
SCCB_WriteByte               0x2757    0xec  Code  Gb  VCAN_SCCB.o [1]
UARTN                   0x1fff'04a8    0x18  Data  Gb  MK60_uart.o [1]
_GenldLargeNoMb               0xd4d   0x24c  Code  Lc  xprintflarge_nomb.o [2]
_LdtobLargeNoMb               0xaf3   0x232  Code  Lc  xprintflarge_nomb.o [2]
_LitobLargeNoMb               0x9a3   0x10a  Code  Lc  xprintflarge_nomb.o [2]
_Locale_lconv           0x1fff'0544    0x38  Data  Lc  xlocale_c.o [2]
_PrintfLargeNoMb              0x419   0x19e  Code  Gb  xprintflarge_nomb.o [2]
_Prout                       0x43b3    0x16  Code  Gb  xprout.o [2]
_PutcharsLargeNoMb            0xf99    0x2e  Code  Lc  xprintflarge_nomb.o [2]
_PutfldLargeNoMb              0x637   0x260  Code  Lc  xprintflarge_nomb.o [2]
_PuttxtLargeNoMb              0x897   0x10c  Code  Lc  xprintflarge_nomb.o [2]
_SProut                      0x107f     0xa  Code  Gb  xsprout.o [2]
__BOOT_STACK_ADDRESS {Abs}
                        0x2000'fff8          Data  Gb  <internal module>
__VECTOR_RAM {Abs}      0x1fff'0000          Data  Gb  <internal module>
__VECTOR_TABLE {Abs}            0x0          Data  Gb  <internal module>
__aeabi_d2uiz                0x188d          Code  Gb  DblToU32.o [3]
__aeabi_ddiv                 0x1645          Code  Gb  DblDiv.o [3]
__aeabi_dmul                 0x1389          Code  Gb  DblMul.o [3]
__aeabi_dsub                 0x18d1          Code  Gb  DblSub.o [3]
__aeabi_ldiv0                0x19c5          Code  Gb  I64DivZer.o [4]
__aeabi_memclr               0x4139          Code  Gb  ABImemclr.o [4]
__aeabi_memcpy               0x152d          Code  Gb  ABImemcpy.o [4]
__aeabi_memcpy4              0x154d          Code  Gb  ABImemcpy.o [4]
__aeabi_memcpy8              0x154d          Code  Gb  ABImemcpy.o [4]
__aeabi_ui2d                 0x18b5          Code  Gb  U32ToDbl.o [3]
__aeabi_uldivmod             0x1159          Code  Gb  I64DivMod.o [4]
__cmain                      0x4385          Code  Gb  cmain.o [4]
__code_start__ {Abs}          0x410          Data  Gb  <internal module>
__exit                       0x1b35          Code  Gb  XXexit.o [4]
__iar_Fail_s                 0x1089    0x1c  Code  Gb  xfail_s.o [2]
__iar_Memchr                 0x1101          Code  Gb  memchr.o [4]
__iar_Memset_word            0x4201          Code  Gb  ABImemset.o [4]
__iar_Stdout            0x1fff'057c    0x48  Data  Gb  xfiles.o [2]
__iar_Strchr                 0x1069          Code  Gb  strchr.o [4]
__iar_dadd                   0x18e1          Code  Gb  DblSub.o [3]
__iar_data_init3             0x4329    0x28  Code  Gb  data_init.o [4]
__iar_dsub                   0x19c9          Code  Gb  DblAdd.o [3]
__iar_dsubStart              0x19db          Code  Gb  DblAdd.o [3]
__iar_frexp                  0x15e1          Code  Gb  frexp.o [3]
__iar_frexp64                0x15d5          Code  Gb  frexp.o [3]
__iar_frexpl                 0x15e1          Code  Gb  frexp.o [3]
__iar_program_start          0x43e9          Code  Gb  cstartup_M.o [4]
__iar_zero_init3             0x102f    0x3a  Code  Gb  zero_init3.o [4]
__vector_table                  0x0   0x410  Data  Gb  vectors.o [1]
_call_main                   0x4391          Code  Gb  cmain.o [4]
_exit                        0x43a9          Code  Gb  cexit.o [4]
_main                        0x439f          Code  Gb  cmain.o [4]
abort                        0x19bd     0x6  Code  Gb  abort.o [2]
adc_init                     0x377d    0xea  Code  Gb  MK60_adc.o [1]
adc_once                     0x3867    0x36  Code  Gb  MK60_adc.o [1]
bjtu_init_camera             0x3181    0x1c  Code  Gb  BJTU_func.o [1]
bjtu_init_led                0x30df    0x1e  Code  Gb  BJTU_func.o [1]
bjtu_init_main               0x319d    0x34  Code  Gb  BJTU_func.o [1]
bjtu_init_steering           0x3139    0x48  Code  Gb  BJTU_func.o [1]
bjtu_init_wheel              0x30fd    0x3c  Code  Gb  BJTU_func.o [1]
bjtu_oled_show_camera        0x32a5    0x1c  Code  Gb  BJTU_func.o [1]
bjtu_print_battle_states
                             0x3285     0xc  Code  Gb  BJTU_func.o [1]
bjtu_print_speed_states
                             0x3291    0x12  Code  Gb  BJTU_func.o [1]
bjtu_refresh_battle_states
                             0x3217    0x2a  Code  Gb  BJTU_func.o [1]
bjtu_refresh_camera          0x3267    0x1e  Code  Gb  BJTU_func.o [1]
bjtu_refresh_wheel_now_speed
                             0x3241    0x26  Code  Gb  BJTU_func.o [1]
bjtu_set_wheel_freq_all
                             0x31d1    0x3c  Code  Gb  BJTU_func.o [1]
bs                      0x1fff'1f98     0x2  Data  Lc  BJTU_func.o [1]
bus_clk_khz             0x1fff'1f40     0x4  Data  Gb  system_MK60DZ10.o [1]
common_startup               0x402d    0x44  Code  Gb  system_MK60DZ10.o [1]
core_clk_khz            0x1fff'1f38     0x4  Data  Gb  system_MK60DZ10.o [1]
core_clk_mhz            0x1fff'1f3c     0x4  Data  Gb  system_MK60DZ10.o [1]
default_isr                  0x43e5     0x2  Code  Gb  MK60_conf.o [1]
dma_portx2buff_init          0x3ab5    0xf4  Code  Gb  MK60_dma.o [1]
exit                         0x43a3     0x4  Code  Gb  exit.o [2]
fputc                        0x43d5    0x10  Code  Gb  MK60_conf.o [1]
frexp                        0x15d5          Code  Gb  frexp.o [3]
frexpl                       0x15d5          Code  Gb  frexp.o [3]
ftm_mod                 0x1fff'0424     0xc  Data  Lc  MK60_ftm.o [1]
ftm_pwm_duty                 0x3671    0x2a  Code  Gb  MK60_ftm.o [1]
ftm_pwm_init                 0x35f1    0x80  Code  Gb  MK60_ftm.o [1]
ftm_quad_clean               0x372d     0x2  Code  Gb  MK60_ftm.o [1]
ftm_quad_get                 0x3721     0xc  Code  Gb  MK60_ftm.o [1]
ftm_quad_init                0x369b    0x86  Code  Gb  MK60_ftm.o [1]
gpio_get                     0x2aa1    0x18  Code  Gb  MK60_gpio.o [1]
gpio_init                    0x2a21    0x46  Code  Gb  MK60_gpio.o [1]
gpio_set                     0x2a67    0x24  Code  Gb  MK60_gpio.o [1]
gpio_turn                    0x2a8b    0x16  Code  Gb  MK60_gpio.o [1]
i2c_delay                    0x2f99    0x1e  Code  Gb  MK60_i2c.o [1]
i2c_init                     0x2eb1    0xe6  Code  Gb  MK60_i2c.o [1]
i2c_write_reg                0x2fb7    0x6a  Code  Gb  MK60_i2c.o [1]
img                     0x1fff'0878  0x12c0  Data  Lc  BJTU_func.o [1]
imgCount                0x1fff'061c     0x4  Data  Gb  BJTU_func.o [1]
img_extract                  0x3a01    0x86  Code  Gb  VCAN_camera.o [1]
img_size                     0x3320     0x4  Data  Gb  BJTU_func.o [1]
imgbuff                 0x1fff'0620   0x258  Data  Lc  BJTU_func.o [1]
key_IRQHandler::keytime
                        0x1fff'04c8     0x8  Data  Lc  VCAN_key.o [1]
key_check                    0x41dd    0x20  Code  Gb  VCAN_key.o [1]
key_init                     0x4141    0x9c  Code  Gb  VCAN_key.o [1]
led_init                     0x34e9    0x3c  Code  Gb  VCAN_LED.o [1]
led_turn                     0x3525    0x28  Code  Gb  VCAN_LED.o [1]
left_wheel              0x1fff'060c     0x8  Data  Lc  BJTU_func.o [1]
localeconv                   0x19b5     0x4  Code  Gb  xlocale_c.o [2]
main                         0x40cd    0x6a  Code  Gb  main.o [1]
mcg_cfg                 0x1fff'044c    0x44  Data  Gb  MK60_mcg.o [1]
mcg_div                 0x1fff'0490     0x4  Data  Gb  MK60_mcg.o [1]
mcg_div_count                0x3bb1   0x1ee  Code  Gb  MK60_mcg.o [1]
memchr                       0x1101          Code  Gb  memchr.o [4]
obuf                    0x1fff'1f48    0x50  Data  Lc  xfiles.o [2]
oled_asc2_1206               0x1b40   0x474  Data  Gb  oled.o [1]
oled_asc2_1608               0x1fb4   0x5f0  Data  Gb  oled.o [1]
oled_show_size               0x3324     0x4  Data  Gb  BJTU_func.o [1]
ov7725_eagle_cfgnum     0x1fff'0540     0x1  Data  Gb  VCAN_OV7725_Eagle.o [1]
ov7725_eagle_dma             0x3471    0x12  Code  Gb  VCAN_OV7725_Eagle.o [1]
ov7725_eagle_get_img         0x3483    0x36  Code  Gb  VCAN_OV7725_Eagle.o [1]
ov7725_eagle_img_buff   0x1fff'04d8     0x4  Data  Gb  VCAN_OV7725_Eagle.o [1]
ov7725_eagle_img_flag   0x1fff'04d4     0x1  Data  Gb  VCAN_OV7725_Eagle.o [1]
ov7725_eagle_init            0x3385    0xac  Code  Gb  VCAN_OV7725_Eagle.o [1]
ov7725_eagle_reg        0x1fff'04dc    0x64  Data  Gb  VCAN_OV7725_Eagle.o [1]
ov7725_eagle_vsync           0x3431    0x40  Code  Gb  VCAN_OV7725_Eagle.o [1]
pit_init                     0x3341    0x2a  Code  Gb  MK60_PIT.o [1]
pll_init                     0x3d9f    0x7a  Code  Gb  MK60_mcg.o [1]
port_init                    0x2ac1    0x30  Code  Gb  MK60_port.o [1]
port_init_NoALT              0x2af1    0x3c  Code  Gb  MK60_port.o [1]
printf                       0x3a8d    0x28  Code  Gb  printf.o [2]
putchar                      0x43c9     0xc  Code  Gb  putchar.o [2]
right_wheel             0x1fff'0614     0x8  Data  Lc  BJTU_func.o [1]
scale                         0xaad    0x46  Code  Lc  xprintflarge_nomb.o [2]
sec_hand                0x1fff'1f44     0x4  Data  Lc  xfail_s.o [2]
set_sys_dividers        0x1fff'05c5    0x48  Code  Gb  MK60_mcg.o [1]
set_vector_handler           0x332f     0x8  Code  Gb  misc.o [1]
site                         0x331c     0x4  Data  Gb  BJTU_func.o [1]
sprintf                      0x3035    0x40  Code  Gb  sprintf.o [2]
start                        0x3fd9    0x1e  Code  Gb  system_MK60DZ10.o [1]
steering_end_turn            0x3075    0x18  Code  Gb  BJTU_func.o [1]
steering_start_turn          0x308d    0x34  Code  Gb  BJTU_func.o [1]
strchr                       0x1069          Code  Gb  strchr.o [4]
strlen                       0x10c9          Code  Gb  strlen.o [4]
sysinit                      0x3ff7    0x36  Code  Gb  system_MK60DZ10.o [1]
systick_delay_ms             0x374d    0x28  Code  Gb  MK60_SysTick.o [1]
uart_init                    0x38a5   0x13a  Code  Gb  MK60_uart.o [1]
uart_putchar                 0x39df    0x10  Code  Gb  MK60_uart.o [1]
wdog_disable                 0x40a1    0x26  Code  Gb  MK60_wdog.o [1]
write_vtor                   0x3329     0x6  Code  Gb  misc.o [1]


[1] = C:\Users\a1176\Desktop\SmartCar\Main\Prj\IAR\DZ10_Release\Obj
[2] = dl7M_tlf.a
[3] = m7M_tl.a
[4] = rt7M_tl.a

  13 006 bytes of readonly  code memory
      72 bytes of readwrite code memory
   4 394 bytes of readonly  data memory
   6 978 bytes of readwrite data memory

Errors: none
Warnings: none
